<html>
<body>
<pre>
<h1>礦ision Build Log</h1>
<h2>Tool Versions:</h2>
IDE-Version: μVision V5.40.0.0
Copyright (C) 2024 ARM Ltd and ARM Germany GmbH. All rights reserved.
License Information: YE Ye, YE, LIC=32B1Q-NAC85-CX0U6-D85PT-WKZDL-4VBC0
 
Tool Versions:
Toolchain:       MDK-ARM Plus  Version: 5.40.0.3
Toolchain Path:  D:\keil5\ARM\ARMCLANG\Bin
C Compiler:      ArmClang.exe V6.22
Assembler:       Armasm.exe V6.22
Linker/Locator:  ArmLink.exe V6.22
Library Manager: ArmAr.exe V6.22
Hex Converter:   FromElf.exe V6.22
CPU DLL:         SARMCM3.DLL V5.40.0.3
Dialog DLL:      DARMCM1.DLL V1.19.6.0
Target DLL:      CMSIS_AGDI.dll V1.33.18.0
Dialog DLL:      TARMCM1.DLL V1.14.6.0
 
<h2>Project:</h2>
D:\BaiduNetdiskDownload\25电赛正式资料\25电赛赛前准备（包含前期代码和连线测试）\准备代码与测试\M0小车\小车端测试代码\2025CODE727\keil\empty_LP_MSPM0G3507_nortos_keil.uvprojx
Project File Date:  07/29/2025

<h2>Output:</h2>
*** Using Compiler 'V6.22', folder: 'D:\keil5\ARM\ARMCLANG\Bin'
Build target 'MSPM0G3507_Project'
Before Build - User command #1: cmd.exe /C "D:\BaiduNetdiskDownload\25电赛正式资料\25电赛赛前准备（包含前期代码和连线测试）\准备代码与测试\M0小车\小车端测试代码\2025CODE727\keil\../tools/keil/syscfg.bat 'D:\BaiduNetdiskDownload\25电赛正式资料\25电赛赛前准备（包含前期代码和连线测试）\准备代码与测试\M0小车\小车端测试代码\2025CODE727\keil\' empty.syscfg"
Couldn't find Sysconfig Tool "C:\ti\sysconfig_1.20.0\sysconfig_cli.bat"
"Update the file located at <sdk path>/tools/keil/syscfg.bat"
compiling dl_keystorectl.c...
compiling dl_trng.c...
compiling dl_opa.c...
compiling dl_rtc_common.c...
compiling dl_mathacl.c...
compiling dl_lcd.c...
compiling dl_lfss.c...
compiling dl_spi.c...
compiling dl_vref.c...
compiling dl_timer.c...
compiling empty.c...
compiling ti_msp_dl_config.c...
compiling dl_uart.c...
compiling dl_mcan.c...
assembling startup_mspm0g350x_uvision.s...
compiling dl_i2c.c...
compiling dl_dma.c...
compiling dl_dac12.c...
compiling dl_crcp.c...
compiling dl_common.c...
compiling dl_crc.c...
compiling dl_aesadv.c...
compiling dl_flashctl.c...
compiling dl_aes.c...
compiling dl_interrupt.c...
compiling dl_adc12.c...
compiling bsp_debugtimer.c...
compiling bsp_key.c...
../Hardware/bsp_iic.c(82): warning: passing 'const unsigned char *' to parameter of type 'uint8_t *' (aka 'unsigned char *') discards qualifiers [-Wincompatible-pointer-types-discards-qualifiers]
   82 |         fillcnt = DL_I2C_fillControllerTXFIFO(I2C_0_INST, ptr, cnt);
      |                                                           ^~~
../source\ti/driverlib/dl_i2c.h(787): note: passing argument to parameter 'buffer' here
  787 |     I2C_Regs *i2c, uint8_t *buffer, uint16_t count);
      |                             ^
1 warning generated.
compiling bsp_iic.c...
compiling bsp_oled.c...
compiling bsp_printf.c...
compiling bsp_systick.c...
compiling balance.c...
compiling KF.c...
compiling show.c...
compiling bluetooth.c...
compiling inv_mpu_dmp_motion_driver.c...
compiling MPU6050.c...
compiling inv_mpu.c...
linking...
Program Size: Code=37680 RO-data=6848 RW-data=144 ZI-data=6256  
FromELF: creating hex file...
".\Objects\empty_LP_MSPM0G3507_nortos_keil.axf" - 0 Error(s), 1 Warning(s).

<h2>Software Packages used:</h2>

Package Vendor: TexasInstruments
                https://software-dl.ti.com/msp430/esd/MSPM0-CMSIS/MSPM0G1X0X_G3X0X/latest/exports/TexasInstruments.MSPM0G1X0X_G3X0X_DFP.1.3.1.pack
                TexasInstruments::MSPM0G1X0X_G3X0X_DFP@1.3.1
                Device Family Pack for Texas Instruments MSPM0G1X0X_G3X0X Series

<h2>Collection of Component include folders:</h2>

<h2>Collection of Component Files used:</h2>
Build Time Elapsed:  00:00:07
</pre>
</body>
</html>
