Component: Arm Compiler for Embedded 6.22 Tool: armlink [5ee90200]

==============================================================================

Section Cross References

    empty.o(.text.main) refers to ti_msp_dl_config.o(.text.SYSCFG_DL_init) for SYSCFG_DL_init
    empty.o(.text.main) refers to bluetooth.o(.text.BT_DAMConfig) for BT_DAMConfig
    empty.o(.text.main) refers to mpu6050.o(.text.MPU6050_initialize) for MPU6050_initialize
    empty.o(.text.main) refers to mpu6050.o(.text.DMP_Init) for DMP_Init
    empty.o(.text.main) refers to bluetooth.o(.text.BTBufferHandler) for BTBufferHandler
    empty.o(.text.main) refers to show.o(.text.oled_show) for oled_show
    empty.o(.text.main) refers to bsp_systick.o(.text.Systick_getTick) for Systick_getTick
    empty.o(.text.main) refers to bsp_oled.o(.data.UserOLED) for UserOLED
    empty.o(.text.main) refers to bsp_iic.o(.data.User_sIICDev) for User_sIICDev
    empty.o(.text.main) refers to balance.o(.bss.Velocity1) for Velocity1
    empty.o(.text.main) refers to balance.o(.bss.Turn1) for Turn1
    empty.o(.text.main) refers to empty.o(.data.KEY0) for KEY0
    empty.o(.text.main) refers to balance.o(.data.Flag_Stop) for Flag_Stop
    empty.o(.ARM.exidx.text.main) refers to empty.o(.text.main) for [Anonymous Symbol]
    empty.o(.text.GROUP1_IRQHandler) refers to mpu6050.o(.text.Read_DMP) for Read_DMP
    empty.o(.text.GROUP1_IRQHandler) refers to fflti.o(.text) for __aeabi_i2f
    empty.o(.text.GROUP1_IRQHandler) refers to balance.o(.text.BalanceControlTask) for BalanceControlTask
    empty.o(.text.GROUP1_IRQHandler) refers to empty.o(.bss.g_EncoderACount) for g_EncoderACount
    empty.o(.text.GROUP1_IRQHandler) refers to empty.o(.bss.g_EncoderBCount) for g_EncoderBCount
    empty.o(.text.GROUP1_IRQHandler) refers to empty.o(.data.mainTaskFreqCheck) for mainTaskFreqCheck
    empty.o(.text.GROUP1_IRQHandler) refers to empty.o(.bss.mainUseTimePriv) for mainUseTimePriv
    empty.o(.text.GROUP1_IRQHandler) refers to mpu6050.o(.bss.Roll) for Roll
    empty.o(.text.GROUP1_IRQHandler) refers to mpu6050.o(.bss.mpu6050) for mpu6050
    empty.o(.text.GROUP1_IRQHandler) refers to mpu6050.o(.bss.Pitch) for Pitch
    empty.o(.text.GROUP1_IRQHandler) refers to mpu6050.o(.bss.Yaw) for Yaw
    empty.o(.text.GROUP1_IRQHandler) refers to mpu6050.o(.bss.gyro) for gyro
    empty.o(.text.GROUP1_IRQHandler) refers to mpu6050.o(.bss.accel) for accel
    empty.o(.text.GROUP1_IRQHandler) refers to empty.o(.bss.mainFreqPriv) for mainFreqPriv
    empty.o(.text.GROUP1_IRQHandler) refers to empty.o(.bss.mainTaskFreq) for mainTaskFreq
    empty.o(.text.GROUP1_IRQHandler) refers to empty.o(.bss.mainTaskUseTime) for mainTaskUseTime
    empty.o(.ARM.exidx.text.GROUP1_IRQHandler) refers to empty.o(.text.GROUP1_IRQHandler) for [Anonymous Symbol]
    empty.o(.ARM.exidx.text.UART0_IRQHandler) refers to empty.o(.text.UART0_IRQHandler) for [Anonymous Symbol]
    empty.o(.text.K210_Receive_Data) refers to memseta.o(.text) for __aeabi_memclr4
    empty.o(.text.K210_Receive_Data) refers to empty.o(.bss.state) for state
    empty.o(.text.K210_Receive_Data) refers to empty.o(.bss.openmv) for openmv
    empty.o(.text.K210_Receive_Data) refers to empty.o(.bss.x) for x
    empty.o(.text.K210_Receive_Data) refers to empty.o(.bss.y) for y
    empty.o(.ARM.exidx.text.K210_Receive_Data) refers to empty.o(.text.K210_Receive_Data) for [Anonymous Symbol]
    empty.o(.text.UART2_IRQHandler) refers to empty.o(.text.K210_Receive_Data) for K210_Receive_Data
    empty.o(.text.UART2_IRQHandler) refers to empty.o(.bss.data1) for data1
    empty.o(.ARM.exidx.text.UART2_IRQHandler) refers to empty.o(.text.UART2_IRQHandler) for [Anonymous Symbol]
    empty.o(.data.mainTaskFreqCheck) refers to bsp_debugtimer.o(.data.RTOSTaskDebug) for RTOSTaskDebug
    startup_mspm0g350x_uvision.o(RESET) refers to startup_mspm0g350x_uvision.o(STACK) for __initial_sp
    startup_mspm0g350x_uvision.o(RESET) refers to startup_mspm0g350x_uvision.o(.text) for Reset_Handler
    startup_mspm0g350x_uvision.o(RESET) refers to empty.o(.text.GROUP1_IRQHandler) for GROUP1_IRQHandler
    startup_mspm0g350x_uvision.o(RESET) refers to balance.o(.text.ADC1_IRQHandler) for ADC1_IRQHandler
    startup_mspm0g350x_uvision.o(RESET) refers to empty.o(.text.UART2_IRQHandler) for UART2_IRQHandler
    startup_mspm0g350x_uvision.o(RESET) refers to empty.o(.text.UART0_IRQHandler) for UART0_IRQHandler
    startup_mspm0g350x_uvision.o(.text) refers to entry.o(.ARM.Collect$$$$00000000) for __main
    ti_msp_dl_config.o(.text.SYSCFG_DL_init) refers to ti_msp_dl_config.o(.text.SYSCFG_DL_initPower) for SYSCFG_DL_initPower
    ti_msp_dl_config.o(.text.SYSCFG_DL_init) refers to ti_msp_dl_config.o(.text.SYSCFG_DL_GPIO_init) for SYSCFG_DL_GPIO_init
    ti_msp_dl_config.o(.text.SYSCFG_DL_init) refers to ti_msp_dl_config.o(.text.SYSCFG_DL_SYSCTL_init) for SYSCFG_DL_SYSCTL_init
[...]
    __arm_cp.39_0                            0x0000704c   Number         4  inv_mpu.o(.text.mpu_write_mem)
    __arm_cp.39_1                            0x00007050   Number         4  inv_mpu.o(.text.mpu_write_mem)
    [Anonymous Symbol]                       0x00007054   Section        0  bsp_iic.o(.text.mspm0_i2c_read)
    __arm_cp.3_0                             0x00007138   Number         4  bsp_iic.o(.text.mspm0_i2c_read)
    __arm_cp.3_1                             0x0000713c   Number         4  bsp_iic.o(.text.mspm0_i2c_read)
    __arm_cp.3_2                             0x00007140   Number         4  bsp_iic.o(.text.mspm0_i2c_read)
    __arm_cp.3_3                             0x00007144   Number         4  bsp_iic.o(.text.mspm0_i2c_read)
    __arm_cp.3_4                             0x00007148   Number         4  bsp_iic.o(.text.mspm0_i2c_read)
    [Anonymous Symbol]                       0x0000714c   Section        0  inv_mpu.o(.text.myget_ms)
    [Anonymous Symbol]                       0x00007150   Section        0  show.o(.text.oled_show)
    __arm_cp.0_0                             0x00007344   Number         4  show.o(.text.oled_show)
    __arm_cp.0_2                             0x00007350   Number         4  show.o(.text.oled_show)
    __arm_cp.0_3                             0x00007354   Number         4  show.o(.text.oled_show)
    __arm_cp.0_5                             0x00007360   Number         4  show.o(.text.oled_show)
    __arm_cp.0_7                             0x00007368   Number         4  show.o(.text.oled_show)
    __arm_cp.0_9                             0x00007370   Number         4  show.o(.text.oled_show)
    __arm_cp.0_11                            0x00007378   Number         4  show.o(.text.oled_show)
    __arm_cp.0_12                            0x0000737c   Number         4  show.o(.text.oled_show)
    __arm_cp.0_13                            0x00007380   Number         4  show.o(.text.oled_show)
    __arm_cp.0_14                            0x00007384   Number         4  show.o(.text.oled_show)
    __arm_cp.0_15                            0x00007388   Number         4  show.o(.text.oled_show)
    __arm_cp.0_16                            0x0000738c   Number         4  show.o(.text.oled_show)
    __arm_cp.0_18                            0x00007394   Number         4  show.o(.text.oled_show)
    __arm_cp.0_19                            0x00007398   Number         4  show.o(.text.oled_show)
    __arm_cp.0_20                            0x0000739c   Number         4  show.o(.text.oled_show)
    __arm_cp.0_21                            0x000073a0   Number         4  show.o(.text.oled_show)
    __arm_cp.0_23                            0x000073a8   Number         4  show.o(.text.oled_show)
    oled_showfloat                           0x000073b5   Thumb Code  1136  bsp_oled.o(.text.oled_showfloat)
    [Anonymous Symbol]                       0x000073b4   Section        0  bsp_oled.o(.text.oled_showfloat)
    __arm_cp.4_3                             0x000077e0   Number         4  bsp_oled.o(.text.oled_showfloat)
    __arm_cp.4_1                             0x00007824   Number         4  bsp_oled.o(.text.oled_showfloat)
    __arm_cp.4_2                             0x00007828   Number         4  bsp_oled.o(.text.oled_showfloat)
    [Anonymous Symbol]                       0x0000782c   Section        0  bsp_printf.o(.text.puts)
    __arm_cp.3_0                             0x00007890   Number         4  bsp_printf.o(.text.puts)
    __arm_cp.3_1                             0x00007894   Number         4  bsp_printf.o(.text.puts)
    i.__0printf                              0x00007898   Section        0  printfa.o(i.__0printf)
    i.__0vsprintf                            0x000078b8   Section        0  printfa.o(i.__0vsprintf)
    i.__ARM_clz                              0x000078dc   Section        0  depilogue.o(i.__ARM_clz)
    i.__ARM_fpclassify                       0x0000790c   Section        0  fpclassify.o(i.__ARM_fpclassify)
    i.__kernel_poly                          0x00007938   Section        0  poly.o(i.__kernel_poly)
    i.__mathlib_dbl_divzero                  0x000079e4   Section        0  dunder.o(i.__mathlib_dbl_divzero)
    i.__mathlib_dbl_infnan                   0x000079f8   Section        0  dunder.o(i.__mathlib_dbl_infnan)
    i.__mathlib_dbl_infnan2                  0x00007a02   Section        0  dunder.o(i.__mathlib_dbl_infnan2)
    i.__mathlib_dbl_invalid                  0x00007a0a   Section        0  dunder.o(i.__mathlib_dbl_invalid)
    i.__mathlib_dbl_overflow                 0x00007a1c   Section        0  dunder.o(i.__mathlib_dbl_overflow)
    i.__mathlib_dbl_underflow                0x00007a30   Section        0  dunder.o(i.__mathlib_dbl_underflow)
    i.__scatterload_copy                     0x00007a48   Section       14  handlers.o(i.__scatterload_copy)
    i.__scatterload_null                     0x00007a58   Section        2  handlers.o(i.__scatterload_null)
    i.__scatterload_zeroinit                 0x00007a60   Section       14  handlers.o(i.__scatterload_zeroinit)
    i.__set_errno                            0x00007a70   Section        0  errno.o(i.__set_errno)
    _fp_digits                               0x00007a7d   Thumb Code   344  printfa.o(i._fp_digits)
    i._fp_digits                             0x00007a7c   Section        0  printfa.o(i._fp_digits)
    _printf_core                             0x00007bf1   Thumb Code  1754  printfa.o(i._printf_core)
    i._printf_core                           0x00007bf0   Section        0  printfa.o(i._printf_core)
    _printf_post_padding                     0x000082dd   Thumb Code    32  printfa.o(i._printf_post_padding)
    i._printf_post_padding                   0x000082dc   Section        0  printfa.o(i._printf_post_padding)
    _printf_pre_padding                      0x000082fd   Thumb Code    44  printfa.o(i._printf_pre_padding)
    i._printf_pre_padding                    0x000082fc   Section        0  printfa.o(i._printf_pre_padding)
    _sputc                                   0x00008329   Thumb Code    10  printfa.o(i._sputc)
    i._sputc                                 0x00008328   Section        0  printfa.o(i._sputc)
    i.asin                                   0x00008334   Section        0  asin.o(i.asin)
    i.atan                                   0x000085a8   Section        0  atan.o(i.atan)
    i.atan2                                  0x000087c4   Section        0  atan2.o(i.atan2)
    i.pow                                    0x00008960   Section        0  pow.o(i.pow)
    i.roundf                                 0x00009334   Section        0  roundf.o(i.roundf)
    i.sqrt                                   0x000093a8   Section        0  sqrt.o(i.sqrt)
    pS                                       0x000093f0   Data          48  asin.o(.constdata)
    .constdata                               0x000093f0   Section       80  asin.o(.constdata)
    qS                                       0x00009420   Data          32  asin.o(.constdata)
    bp                                       0x00009440   Data          16  pow.o(.constdata)
    .constdata                               0x00009440   Section      136  pow.o(.constdata)
    dp_h                                     0x00009450   Data          16  pow.o(.constdata)
    dp_l                                     0x00009460   Data          16  pow.o(.constdata)
    L                                        0x00009470   Data          48  pow.o(.constdata)
    P                                        0x000094a0   Data          40  pow.o(.constdata)
    atanhi                                   0x000094c8   Data          32  atan.o(.constdata)
    .constdata                               0x000094c8   Section      152  atan.o(.constdata)
    atanlo                                   0x000094e8   Data          32  atan.o(.constdata)
    aTodd                                    0x00009508   Data          40  atan.o(.constdata)
    aTeven                                   0x00009530   Data          48  atan.o(.constdata)
    .constdata                               0x00009560   Section        8  qnan.o(.constdata)
    [Anonymous Symbol]                       0x00009568   Section        0  inv_mpu_dmp_motion_driver.o(.rodata..L__const.dmp_set_orientation.accel_axes)
    [Anonymous Symbol]                       0x0000956b   Section        0  inv_mpu_dmp_motion_driver.o(.rodata..L__const.dmp_set_orientation.gyro_axes)
    [Anonymous Symbol]                       0x0000956e   Section        0  inv_mpu.o(.rodata.cst8)
    dmp_memory                               0x00009576   Data        3062  inv_mpu_dmp_motion_driver.o(.rodata.dmp_memory)
    [Anonymous Symbol]                       0x00009576   Section        0  inv_mpu_dmp_motion_driver.o(.rodata.dmp_memory)
    gADC12_0ClockConfig                      0x0000a16c   Data           8  ti_msp_dl_config.o(.rodata.gADC12_0ClockConfig)
    [Anonymous Symbol]                       0x0000a16c   Section        0  ti_msp_dl_config.o(.rodata.gADC12_0ClockConfig)
    gDMA_CH0Config                           0x0000a174   Data          24  ti_msp_dl_config.o(.rodata.gDMA_CH0Config)
    [Anonymous Symbol]                       0x0000a174   Section        0  ti_msp_dl_config.o(.rodata.gDMA_CH0Config)
    gDebugTimerClockConfig                   0x0000a18c   Data           3  ti_msp_dl_config.o(.rodata.gDebugTimerClockConfig)
    [Anonymous Symbol]                       0x0000a18c   Section        0  ti_msp_dl_config.o(.rodata.gDebugTimerClockConfig)
    gDebugTimerTimerConfig                   0x0000a190   Data          20  ti_msp_dl_config.o(.rodata.gDebugTimerTimerConfig)
    [Anonymous Symbol]                       0x0000a190   Section        0  ti_msp_dl_config.o(.rodata.gDebugTimerTimerConfig)
    gI2C_0ClockConfig                        0x0000a1a4   Data           2  ti_msp_dl_config.o(.rodata.gI2C_0ClockConfig)
    [Anonymous Symbol]                       0x0000a1a4   Section        0  ti_msp_dl_config.o(.rodata.gI2C_0ClockConfig)
    gPWM_0ClockConfig                        0x0000a1a6   Data           3  ti_msp_dl_config.o(.rodata.gPWM_0ClockConfig)
    [Anonymous Symbol]                       0x0000a1a6   Section        0  ti_msp_dl_config.o(.rodata.gPWM_0ClockConfig)
    gPWM_0Config                             0x0000a1ac   Data           8  ti_msp_dl_config.o(.rodata.gPWM_0Config)
    [Anonymous Symbol]                       0x0000a1ac   Section        0  ti_msp_dl_config.o(.rodata.gPWM_0Config)
    gSYSPLLConfig                            0x0000a1b4   Data          40  ti_msp_dl_config.o(.rodata.gSYSPLLConfig)
    [Anonymous Symbol]                       0x0000a1b4   Section        0  ti_msp_dl_config.o(.rodata.gSYSPLLConfig)
    gTIMER_0ClockConfig                      0x0000a1dc   Data           3  ti_msp_dl_config.o(.rodata.gTIMER_0ClockConfig)
    [Anonymous Symbol]                       0x0000a1dc   Section        0  ti_msp_dl_config.o(.rodata.gTIMER_0ClockConfig)
    gTIMER_0TimerConfig                      0x0000a1e0   Data          20  ti_msp_dl_config.o(.rodata.gTIMER_0TimerConfig)
    [Anonymous Symbol]                       0x0000a1e0   Section        0  ti_msp_dl_config.o(.rodata.gTIMER_0TimerConfig)
    gUART_0ClockConfig                       0x0000a1f4   Data           2  ti_msp_dl_config.o(.rodata.gUART_0ClockConfig)
    [Anonymous Symbol]                       0x0000a1f4   Section        0  ti_msp_dl_config.o(.rodata.gUART_0ClockConfig)
    gUART_0Config                            0x0000a1f6   Data          10  ti_msp_dl_config.o(.rodata.gUART_0Config)
    [Anonymous Symbol]                       0x0000a1f6   Section        0  ti_msp_dl_config.o(.rodata.gUART_0Config)
    gUART_1ClockConfig                       0x0000a200   Data           2  ti_msp_dl_config.o(.rodata.gUART_1ClockConfig)
    [Anonymous Symbol]                       0x0000a200   Section        0  ti_msp_dl_config.o(.rodata.gUART_1ClockConfig)
    gUART_1Config                            0x0000a202   Data          10  ti_msp_dl_config.o(.rodata.gUART_1Config)
    [Anonymous Symbol]                       0x0000a202   Section        0  ti_msp_dl_config.o(.rodata.gUART_1Config)
    gUART_2ClockConfig                       0x0000a20c   Data           2  ti_msp_dl_config.o(.rodata.gUART_2ClockConfig)
    [Anonymous Symbol]                       0x0000a20c   Section        0  ti_msp_dl_config.o(.rodata.gUART_2ClockConfig)
    gUART_2Config                            0x0000a20e   Data          10  ti_msp_dl_config.o(.rodata.gUART_2Config)
    [Anonymous Symbol]                       0x0000a20e   Section        0  ti_msp_dl_config.o(.rodata.gUART_2Config)
    [Anonymous Symbol]                       0x0000aca3   Section        0  inv_mpu.o(.rodata.str1.1)
    [Anonymous Symbol]                       0x0000acf0   Section        0  mpu6050.o(.rodata.str1.1)
    [Anonymous Symbol]                       0x0000ad9f   Section        0  show.o(.rodata.str1.1)
    .data                                    0x20200000   Section        4  stdout.o(.data)
    _errno                                   0x20200004   Data           4  errno.o(.data)
    .data                                    0x20200004   Section        4  errno.o(.data)
    st                                       0x20200064   Data          44  inv_mpu.o(.data.st)
    [Anonymous Symbol]                       0x20200064   Section        0  inv_mpu.o(.data.st)
    BTBufferHandler.handleSize               0x20200090   Data           1  bluetooth.o(.bss.BTBufferHandler.handleSize)
    [Anonymous Symbol]                       0x20200090   Section        0  bluetooth.o(.bss.BTBufferHandler.handleSize)
    BTBufferHandler.handleflag               0x20200091   Data           1  bluetooth.o(.bss.BTBufferHandler.handleflag)
    [Anonymous Symbol]                       0x20200091   Section        0  bluetooth.o(.bss.BTBufferHandler.handleflag)
    BTBufferHandler.lastSize                 0x20200092   Data           1  bluetooth.o(.bss.BTBufferHandler.lastSize)
    [Anonymous Symbol]                       0x20200092   Section        0  bluetooth.o(.bss.BTBufferHandler.lastSize)
    BalanceControlTask.Velocity_Pwm_L        0x20200094   Data           4  balance.o(.bss.BalanceControlTask.Velocity_Pwm_L)
    [Anonymous Symbol]                       0x20200094   Section        0  balance.o(.bss.BalanceControlTask.Velocity_Pwm_L)
    BalanceControlTask.Velocity_Pwm_R        0x20200098   Data           4  balance.o(.bss.BalanceControlTask.Velocity_Pwm_R)
    [Anonymous Symbol]                       0x20200098   Section        0  balance.o(.bss.BalanceControlTask.Velocity_Pwm_R)
    Get_Vol.adcVal                           0x202000b0   Data           2  balance.o(.bss.Get_Vol.adcVal)
    [Anonymous Symbol]                       0x202000b0   Section        0  balance.o(.bss.Get_Vol.adcVal)
    Get_Vol.startflag                        0x202000b2   Data           1  balance.o(.bss.Get_Vol.startflag)
    [Anonymous Symbol]                       0x202000b2   Section        0  balance.o(.bss.Get_Vol.startflag)
    bt_control.Data                          0x202005ec   Data           4  bluetooth.o(.bss.bt_control.Data)
    [Anonymous Symbol]                       0x202005ec   Section        0  bluetooth.o(.bss.bt_control.Data)
    bt_control.Flag_PID                      0x202005f0   Data           1  bluetooth.o(.bss.bt_control.Flag_PID)
    [Anonymous Symbol]                       0x202005f0   Section        0  bluetooth.o(.bss.bt_control.Flag_PID)
    bt_control.Receive                       0x202005f4   Data          50  bluetooth.o(.bss.bt_control.Receive)
    [Anonymous Symbol]                       0x202005f4   Section        0  bluetooth.o(.bss.bt_control.Receive)
    bt_control.i                             0x20200626   Data           1  bluetooth.o(.bss.bt_control.i)
    [Anonymous Symbol]                       0x20200626   Section        0  bluetooth.o(.bss.bt_control.i)
    bt_control.j                             0x20200627   Data           1  bluetooth.o(.bss.bt_control.j)
    [Anonymous Symbol]                       0x20200627   Section        0  bluetooth.o(.bss.bt_control.j)
    dmp.0                                    0x20200640   Data           4  inv_mpu_dmp_motion_driver.o(.bss.dmp.0)
    [Anonymous Symbol]                       0x20200640   Section        0  inv_mpu_dmp_motion_driver.o(.bss.dmp.0)
    dmp.1                                    0x20200644   Data           4  inv_mpu_dmp_motion_driver.o(.bss.dmp.1)
    [Anonymous Symbol]                       0x20200644   Section        0  inv_mpu_dmp_motion_driver.o(.bss.dmp.1)
    dmp.2                                    0x20200648   Data           2  inv_mpu_dmp_motion_driver.o(.bss.dmp.2)
    [Anonymous Symbol]                       0x20200648   Section        0  inv_mpu_dmp_motion_driver.o(.bss.dmp.2)
    dmp.3                                    0x2020064c   Data           2  inv_mpu_dmp_motion_driver.o(.bss.dmp.3)
    [Anonymous Symbol]                       0x2020064c   Section        0  inv_mpu_dmp_motion_driver.o(.bss.dmp.3)
    dmp.4                                    0x20200650   Data           2  inv_mpu_dmp_motion_driver.o(.bss.dmp.4)
    [Anonymous Symbol]                       0x20200650   Section        0  inv_mpu_dmp_motion_driver.o(.bss.dmp.4)
    dmp.5                                    0x20200652   Data           1  inv_mpu_dmp_motion_driver.o(.bss.dmp.5)
    [Anonymous Symbol]                       0x20200652   Section        0  inv_mpu_dmp_motion_driver.o(.bss.dmp.5)
    key_scan.check_once                      0x20200860   Data           1  bsp_key.o(.bss.key_scan.check_once)
    [Anonymous Symbol]                       0x20200860   Section        0  bsp_key.o(.bss.key_scan.check_once)
    key_scan.long_press_time                 0x20200862   Data           2  bsp_key.o(.bss.key_scan.long_press_time)
    [Anonymous Symbol]                       0x20200862   Section        0  bsp_key.o(.bss.key_scan.long_press_time)
    key_scan.press_flag                      0x20200864   Data           1  bsp_key.o(.bss.key_scan.press_flag)
    [Anonymous Symbol]                       0x20200864   Section        0  bsp_key.o(.bss.key_scan.press_flag)
    key_scan.time_core                       0x20200866   Data           2  bsp_key.o(.bss.key_scan.time_core)
    [Anonymous Symbol]                       0x20200866   Section        0  bsp_key.o(.bss.key_scan.time_core)
    STACK                                    0x20200900   Section     4096  startup_mspm0g350x_uvision.o(STACK)

    Global Symbols

    Symbol Name                              Value     Ov Type        Size  Object(Section)

    BuildAttributes$$THM_ISAv3M$S$PE$A:L22$X:L11$S22$IEEE1$IW$~IW$USESV6$~STKCKD$USESV7$~SHL$OTIME$ROPI$IEEEX$EBA8$MICROLIB$REQ8$PRES8$EABIv2 0x00000000   Number         0  anon$$obj.o ABSOLUTE
    __Vectors                                0x00000000   Data           4  startup_mspm0g350x_uvision.o(RESET)
    _printf_a                                0x00000000   Number         0  printfstubs.o ABSOLUTE
    _printf_c                                0x00000000   Number         0  printfstubs.o ABSOLUTE
    _printf_charcount                        0x00000000   Number         0  printfstubs.o ABSOLUTE
    _printf_d                                0x00000000   Number         0  printfstubs.o ABSOLUTE
    _printf_e                                0x00000000   Number         0  printfstubs.o ABSOLUTE
    _printf_f                                0x00000000   Number         0  printfstubs.o ABSOLUTE
    _printf_flags                            0x00000000   Number         0  printfstubs.o ABSOLUTE
    _printf_fp_dec                           0x00000000   Number         0  printfstubs.o ABSOLUTE
    _printf_fp_hex                           0x00000000   Number         0  printfstubs.o ABSOLUTE
    _printf_g                                0x00000000   Number         0  printfstubs.o ABSOLUTE
    _printf_i                                0x00000000   Number         0  printfstubs.o ABSOLUTE
    _printf_int_dec                          0x00000000   Number         0  printfstubs.o ABSOLUTE
    _printf_l                                0x00000000   Number         0  printfstubs.o ABSOLUTE
    _printf_lc                               0x00000000   Number         0  printfstubs.o ABSOLUTE
    _printf_ll                               0x00000000   Number         0  printfstubs.o ABSOLUTE
    _printf_lld                              0x00000000   Number         0  printfstubs.o ABSOLUTE
    _printf_lli                              0x00000000   Number         0  printfstubs.o ABSOLUTE
    _printf_llo                              0x00000000   Number         0  printfstubs.o ABSOLUTE
    _printf_llu                              0x00000000   Number         0  printfstubs.o ABSOLUTE
    _printf_llx                              0x00000000   Number         0  printfstubs.o ABSOLUTE
    _printf_longlong_dec                     0x00000000   Number         0  printfstubs.o ABSOLUTE
    _printf_longlong_hex                     0x00000000   Number         0  printfstubs.o ABSOLUTE
    _printf_longlong_oct                     0x00000000   Number         0  printfstubs.o ABSOLUTE
    _printf_ls                               0x00000000   Number         0  printfstubs.o ABSOLUTE
    _printf_mbtowc                           0x00000000   Number         0  printfstubs.o ABSOLUTE
    _printf_n                                0x00000000   Number         0  printfstubs.o ABSOLUTE
    _printf_o                                0x00000000   Number         0  printfstubs.o ABSOLUTE
    _printf_p                                0x00000000   Number         0  printfstubs.o ABSOLUTE
    _printf_percent                          0x00000000   Number         0  printfstubs.o ABSOLUTE
    _printf_pre_padding                      0x00000000   Number         0  printfstubs.o ABSOLUTE
    _printf_return_value                     0x00000000   Number         0  printfstubs.o ABSOLUTE
    _printf_s                                0x00000000   Number         0  printfstubs.o ABSOLUTE
    _printf_sizespec                         0x00000000   Number         0  printfstubs.o ABSOLUTE
    _printf_str                              0x00000000   Number         0  printfstubs.o ABSOLUTE
    _printf_truncate_signed                  0x00000000   Number         0  printfstubs.o ABSOLUTE
    _printf_truncate_unsigned                0x00000000   Number         0  printfstubs.o ABSOLUTE
    _printf_u                                0x00000000   Number         0  printfstubs.o ABSOLUTE
    _printf_wc                               0x00000000   Number         0  printfstubs.o ABSOLUTE
    _printf_wctomb                           0x00000000   Number         0  printfstubs.o ABSOLUTE
    _printf_widthprec                        0x00000000   Number         0  printfstubs.o ABSOLUTE
    _printf_x                                0x00000000   Number         0  printfstubs.o ABSOLUTE
    __cpp_initialize__aeabi_                  - Undefined Weak Reference
    __cxa_finalize                            - Undefined Weak Reference
    __decompress                              - Undefined Weak Reference
    _clock_init                               - Undefined Weak Reference
    _microlib_exit                            - Undefined Weak Reference
    __Vectors_End                            0x000000c0   Data           0  startup_mspm0g350x_uvision.o(RESET)
    __Vectors_Size                           0x000000c0   Number         0  startup_mspm0g350x_uvision.o ABSOLUTE
    __main                                   0x000000c1   Thumb Code     0  entry.o(.ARM.Collect$$$$00000000)
    _main_stk                                0x000000c1   Thumb Code     0  entry2.o(.ARM.Collect$$$$00000001)
    _main_scatterload                        0x000000c5   Thumb Code     0  entry5.o(.ARM.Collect$$$$00000004)
    __main_after_scatterload                 0x000000c9   Thumb Code     0  entry5.o(.ARM.Collect$$$$00000004)
    _main_clock                              0x000000c9   Thumb Code     0  entry7b.o(.ARM.Collect$$$$00000008)
    _main_cpp_init                           0x000000c9   Thumb Code     0  entry8b.o(.ARM.Collect$$$$0000000A)
    _main_init                               0x000000c9   Thumb Code     0  entry9a.o(.ARM.Collect$$$$0000000B)
    __rt_final_cpp                           0x000000d1   Thumb Code     0  entry10a.o(.ARM.Collect$$$$0000000D)
    __rt_final_exit                          0x000000d1   Thumb Code     0  entry11a.o(.ARM.Collect$$$$0000000F)
    Reset_Handler                            0x000000d5   Thumb Code     4  startup_mspm0g350x_uvision.o(.text)
    NMI_Handler                              0x000000d9   Thumb Code     2  startup_mspm0g350x_uvision.o(.text)
    HardFault_Handler                        0x000000db   Thumb Code     2  startup_mspm0g350x_uvision.o(.text)
    SVC_Handler                              0x000000dd   Thumb Code     2  startup_mspm0g350x_uvision.o(.text)
    PendSV_Handler                           0x000000df   Thumb Code     2  startup_mspm0g350x_uvision.o(.text)
    SysTick_Handler                          0x000000e1   Thumb Code     2  startup_mspm0g350x_uvision.o(.text)
    ADC0_IRQHandler                          0x000000e3   Thumb Code     0  startup_mspm0g350x_uvision.o(.text)
    AES_IRQHandler                           0x000000e3   Thumb Code     0  startup_mspm0g350x_uvision.o(.text)
    CANFD0_IRQHandler                        0x000000e3   Thumb Code     0  startup_mspm0g350x_uvision.o(.text)
    DAC0_IRQHandler                          0x000000e3   Thumb Code     0  startup_mspm0g350x_uvision.o(.text)
    DMA_IRQHandler                           0x000000e3   Thumb Code     0  startup_mspm0g350x_uvision.o(.text)
    Default_Handler                          0x000000e3   Thumb Code     2  startup_mspm0g350x_uvision.o(.text)
    GROUP0_IRQHandler                        0x000000e3   Thumb Code     0  startup_mspm0g350x_uvision.o(.text)
    I2C0_IRQHandler                          0x000000e3   Thumb Code     0  startup_mspm0g350x_uvision.o(.text)
    I2C1_IRQHandler                          0x000000e3   Thumb Code     0  startup_mspm0g350x_uvision.o(.text)
    RTC_IRQHandler                           0x000000e3   Thumb Code     0  startup_mspm0g350x_uvision.o(.text)
    SPI0_IRQHandler                          0x000000e3   Thumb Code     0  startup_mspm0g350x_uvision.o(.text)
    SPI1_IRQHandler                          0x000000e3   Thumb Code     0  startup_mspm0g350x_uvision.o(.text)
    TIMA0_IRQHandler                         0x000000e3   Thumb Code     0  startup_mspm0g350x_uvision.o(.text)
    TIMA1_IRQHandler                         0x000000e3   Thumb Code     0  startup_mspm0g350x_uvision.o(.text)
    TIMG0_IRQHandler                         0x000000e3   Thumb Code     0  startup_mspm0g350x_uvision.o(.text)
    TIMG12_IRQHandler                        0x000000e3   Thumb Code     0  startup_mspm0g350x_uvision.o(.text)
    TIMG6_IRQHandler                         0x000000e3   Thumb Code     0  startup_mspm0g350x_uvision.o(.text)
    TIMG7_IRQHandler                         0x000000e3   Thumb Code     0  startup_mspm0g350x_uvision.o(.text)
    TIMG8_IRQHandler                         0x000000e3   Thumb Code     0  startup_mspm0g350x_uvision.o(.text)
    UART1_IRQHandler                         0x000000e3   Thumb Code     0  startup_mspm0g350x_uvision.o(.text)
    UART3_IRQHandler                         0x000000e3   Thumb Code     0  startup_mspm0g350x_uvision.o(.text)
    __aeabi_ldivmod                          0x000000e9   Thumb Code    76  ldiv.o(.text)
    __aeabi_lmul                             0x00000135   Thumb Code    48  llmul.o(.text)
    _ll_mul                                  0x00000135   Thumb Code     0  llmul.o(.text)
    __aeabi_memset                           0x00000165   Thumb Code    14  memseta.o(.text)
    __aeabi_memset4                          0x00000165   Thumb Code     0  memseta.o(.text)
    __aeabi_memset8                          0x00000165   Thumb Code     0  memseta.o(.text)
    __aeabi_memclr                           0x00000173   Thumb Code     4  memseta.o(.text)
    __aeabi_memclr4                          0x00000173   Thumb Code     0  memseta.o(.text)
    __aeabi_memclr8                          0x00000173   Thumb Code     0  memseta.o(.text)
    _memset$wrapper                          0x00000177   Thumb Code    18  memseta.o(.text)
    strlen                                   0x00000189   Thumb Code    14  strlen.o(.text)
    memcmp                                   0x00000197   Thumb Code    26  memcmp.o(.text)
    __aeabi_fadd                             0x000001b1   Thumb Code   162  fadd.o(.text)
    __aeabi_fsub                             0x00000253   Thumb Code     8  fadd.o(.text)
    __aeabi_frsub                            0x0000025b   Thumb Code     8  fadd.o(.text)
    __aeabi_fmul                             0x00000263   Thumb Code   122  fmul.o(.text)
    __aeabi_fdiv                             0x000002dd   Thumb Code   124  fdiv.o(.text)
    __aeabi_dadd                             0x00000359   Thumb Code   328  dadd.o(.text)
    __aeabi_dsub                             0x000004a1   Thumb Code    12  dadd.o(.text)
    __aeabi_drsub                            0x000004ad   Thumb Code    12  dadd.o(.text)
    __aeabi_dmul                             0x000004bd   Thumb Code   202  dmul.o(.text)
    __aeabi_ddiv                             0x0000058d   Thumb Code   234  ddiv.o(.text)
    __aeabi_fcmple                           0x0000067d   Thumb Code    28  fcmple.o(.text)
    __aeabi_fcmplt                           0x00000699   Thumb Code    28  fcmplt.o(.text)
    __aeabi_fcmpge                           0x000006b5   Thumb Code    28  fcmpge.o(.text)
    __aeabi_fcmpgt                           0x000006d1   Thumb Code    28  fcmpgt.o(.text)
    __aeabi_fcmpeq                           0x000006ed   Thumb Code    28  fcmpeq.o(.text)
    __aeabi_i2f                              0x00000709   Thumb Code    22  fflti.o(.text)
    __aeabi_ui2f                             0x0000071f   Thumb Code    14  ffltui.o(.text)
    __aeabi_i2d                              0x0000072d   Thumb Code    34  dflti.o(.text)
    __aeabi_f2iz                             0x00000755   Thumb Code    50  ffixi.o(.text)
    __aeabi_f2d                              0x00000787   Thumb Code    40  f2d.o(.text)
    __aeabi_d2f                              0x000007af   Thumb Code    56  d2f.o(.text)
    __aeabi_uidiv                            0x000007e7   Thumb Code     0  uidiv_div0.o(.text)
    __aeabi_uidivmod                         0x000007e7   Thumb Code    62  uidiv_div0.o(.text)
    __aeabi_idiv                             0x00000825   Thumb Code     0  idiv_div0.o(.text)
    __aeabi_idivmod$div0                     0x00000825   Thumb Code    74  idiv_div0.o(.text)
    __aeabi_uldivmod                         0x00000875   Thumb Code    96  uldiv.o(.text)
    __aeabi_llsl                             0x000008d5   Thumb Code    32  llshl.o(.text)
    _ll_shift_l                              0x000008d5   Thumb Code     0  llshl.o(.text)
    __aeabi_lasr                             0x000008f5   Thumb Code    38  llsshr.o(.text)
    _ll_sshift_r                             0x000008f5   Thumb Code     0  llsshr.o(.text)
    __I$use$fp                               0x0000091b   Thumb Code     0  iusefp.o(.text)
    _float_round                             0x0000091b   Thumb Code    16  fepilogue.o(.text)
    _float_epilogue                          0x0000092b   Thumb Code   114  fepilogue.o(.text)
    _frnd                                    0x0000099d   Thumb Code    62  frnd.o(.text)
    _double_round                            0x000009db   Thumb Code    26  depilogue.o(.text)
    _double_epilogue                         0x000009f5   Thumb Code   164  depilogue.o(.text)
    __ARM_scalbn                             0x00000a99   Thumb Code    44  dscalb.o(.text)
    scalbn                                   0x00000a99   Thumb Code     0  dscalb.o(.text)
    __aeabi_d2ulz                            0x00000ac5   Thumb Code    54  dfixul.o(.text)
    __aeabi_cdcmpeq                          0x00000b05   Thumb Code     0  cdcmple.o(.text)
    __aeabi_cdcmple                          0x00000b05   Thumb Code    38  cdcmple.o(.text)
    __aeabi_cdrcmple                         0x00000b2d   Thumb Code    38  cdrcmple.o(.text)
    __scatterload                            0x00000b59   Thumb Code    38  init.o(.text)
    __scatterload_rt2                        0x00000b59   Thumb Code     0  init.o(.text)
    __aeabi_llsr                             0x00000b89   Thumb Code    34  llushr.o(.text)
    _ll_ushift_r                             0x00000b89   Thumb Code     0  llushr.o(.text)
    _dsqrt                                   0x00000bab   Thumb Code   162  dsqrt.o(.text)
    ADC1_IRQHandler                          0x00000c4d   Thumb Code    20  balance.o(.text.ADC1_IRQHandler)
    BTBufferHandler                          0x00000c69   Thumb Code   256  bluetooth.o(.text.BTBufferHandler)
    BT_DAMConfig                             0x00000dc9   Thumb Code    32  bluetooth.o(.text.BT_DAMConfig)
    BalanceControlTask                       0x00000df5   Thumb Code   640  balance.o(.text.BalanceControlTask)
    DL_ADC12_setClockConfig                  0x00001105   Thumb Code    56  dl_adc12.o(.text.DL_ADC12_setClockConfig)
    DL_Common_delayCycles                    0x00001145   Thumb Code    10  dl_common.o(.text.DL_Common_delayCycles)
    DL_DMA_initChannel                       0x00001151   Thumb Code    64  dl_dma.o(.text.DL_DMA_initChannel)
    DL_I2C_fillControllerTXFIFO              0x00001195   Thumb Code   128  dl_i2c.o(.text.DL_I2C_fillControllerTXFIFO)
    DL_I2C_flushControllerTXFIFO             0x00001215   Thumb Code    64  dl_i2c.o(.text.DL_I2C_flushControllerTXFIFO)
    DL_I2C_setClockConfig                    0x00001259   Thumb Code    38  dl_i2c.o(.text.DL_I2C_setClockConfig)
    DL_SYSCTL_configSYSPLL                   0x00001281   Thumb Code   196  dl_sysctl_mspm0g1x0x_g3x0x.o(.text.DL_SYSCTL_configSYSPLL)
    DL_SYSCTL_switchMCLKfromSYSOSCtoHSCLK    0x00001345   Thumb Code    40  dl_sysctl_mspm0g1x0x_g3x0x.o(.text.DL_SYSCTL_switchMCLKfromSYSOSCtoHSCLK)
    DL_TimerA_initPWMMode                    0x0000136d   Thumb Code   120  dl_timer.o(.text.DL_TimerA_initPWMMode)
    DL_Timer_initPWMMode                     0x000013f1   Thumb Code   188  dl_timer.o(.text.DL_Timer_initPWMMode)
    DL_Timer_initTimerMode                   0x000014c5   Thumb Code   224  dl_timer.o(.text.DL_Timer_initTimerMode)
    DL_Timer_setCaptCompUpdateMethod         0x000015b1   Thumb Code    24  dl_timer.o(.text.DL_Timer_setCaptCompUpdateMethod)
    DL_Timer_setCaptureCompareOutCtl         0x000015cd   Thumb Code    20  dl_timer.o(.text.DL_Timer_setCaptureCompareOutCtl)
    DL_Timer_setCaptureCompareValue          0x000015e5   Thumb Code    12  dl_timer.o(.text.DL_Timer_setCaptureCompareValue)
    DL_Timer_setClockConfig                  0x000015f5   Thumb Code    24  dl_timer.o(.text.DL_Timer_setClockConfig)
    DL_UART_init                             0x00001611   Thumb Code    64  dl_uart.o(.text.DL_UART_init)
    DL_UART_setClockConfig                   0x00001659   Thumb Code    18  dl_uart.o(.text.DL_UART_setClockConfig)
    DL_UART_transmitDataBlocking             0x0000166d   Thumb Code    32  dl_uart.o(.text.DL_UART_transmitDataBlocking)
    DMP_Init                                 0x00001691   Thumb Code   364  mpu6050.o(.text.DMP_Init)
    GROUP1_IRQHandler                        0x0000189d   Thumb Code   284  empty.o(.text.GROUP1_IRQHandler)
    K210_Receive_Data                        0x00001b45   Thumb Code   304  empty.o(.text.K210_Receive_Data)
    MPU6050_initialize                       0x00001c85   Thumb Code   328  mpu6050.o(.text.MPU6050_initialize)
    Read_DMP                                 0x00003e75   Thumb Code   460  mpu6050.o(.text.Read_DMP)
    SYSCFG_DL_ADC12_0_init                   0x00004071   Thumb Code    60  ti_msp_dl_config.o(.text.SYSCFG_DL_ADC12_0_init)
    SYSCFG_DL_DMA_CH0_init                   0x000040c1   Thumb Code    16  ti_msp_dl_config.o(.text.SYSCFG_DL_DMA_CH0_init)
    SYSCFG_DL_DMA_init                       0x000040d9   Thumb Code     8  ti_msp_dl_config.o(.text.SYSCFG_DL_DMA_init)
    SYSCFG_DL_DebugTimer_init                0x000040e1   Thumb Code    28  ti_msp_dl_config.o(.text.SYSCFG_DL_DebugTimer_init)
    SYSCFG_DL_GPIO_init                      0x0000410d   Thumb Code   196  ti_msp_dl_config.o(.text.SYSCFG_DL_GPIO_init)
    SYSCFG_DL_I2C_0_init                     0x00004209   Thumb Code    72  ti_msp_dl_config.o(.text.SYSCFG_DL_I2C_0_init)
    SYSCFG_DL_PWM_0_init                     0x0000425d   Thumb Code   116  ti_msp_dl_config.o(.text.SYSCFG_DL_PWM_0_init)
    SYSCFG_DL_SYSCTL_init                    0x000042e9   Thumb Code   116  ti_msp_dl_config.o(.text.SYSCFG_DL_SYSCTL_init)
    SYSCFG_DL_SYSTICK_init                   0x0000436d   Thumb Code    24  ti_msp_dl_config.o(.text.SYSCFG_DL_SYSTICK_init)
    SYSCFG_DL_TIMER_0_init                   0x0000438d   Thumb Code    36  ti_msp_dl_config.o(.text.SYSCFG_DL_TIMER_0_init)
    SYSCFG_DL_UART_0_init                    0x000043c5   Thumb Code    92  ti_msp_dl_config.o(.text.SYSCFG_DL_UART_0_init)
    SYSCFG_DL_UART_1_init                    0x00004435   Thumb Code   104  ti_msp_dl_config.o(.text.SYSCFG_DL_UART_1_init)
    SYSCFG_DL_UART_2_init                    0x000044b1   Thumb Code   104  ti_msp_dl_config.o(.text.SYSCFG_DL_UART_2_init)
    SYSCFG_DL_init                           0x00004535   Thumb Code    72  ti_msp_dl_config.o(.text.SYSCFG_DL_init)
    SYSCFG_DL_initPower                      0x00004585   Thumb Code    88  ti_msp_dl_config.o(.text.SYSCFG_DL_initPower)
    Systick_getTick                          0x0000460d   Thumb Code     8  bsp_systick.o(.text.Systick_getTick)
    UART0_IRQHandler                         0x00004615   Thumb Code    20  empty.o(.text.UART0_IRQHandler)
    UART2_IRQHandler                         0x00004631   Thumb Code    32  empty.o(.text.UART2_IRQHandler)
    any_printf                               0x0000465d   Thumb Code    92  bsp_printf.o(.text.any_printf)
    bt_control                               0x000046c1   Thumb Code   408  bluetooth.o(.text.bt_control)
    delay_ms                                 0x000048a1   Thumb Code   116  bsp_systick.o(.text.delay_ms)
    dmp_enable_feature                       0x00004921   Thumb Code   644  inv_mpu_dmp_motion_driver.o(.text.dmp_enable_feature)
    dmp_load_motion_driver_firmware          0x00004bc5   Thumb Code    20  inv_mpu_dmp_motion_driver.o(.text.dmp_load_motion_driver_firmware)
    dmp_read_fifo                            0x00004be1   Thumb Code   404  inv_mpu_dmp_motion_driver.o(.text.dmp_read_fifo)
    dmp_set_accel_bias                       0x00004d85   Thumb Code   196  inv_mpu_dmp_motion_driver.o(.text.dmp_set_accel_bias)
    dmp_set_fifo_rate                        0x00004e49   Thumb Code    84  inv_mpu_dmp_motion_driver.o(.text.dmp_set_fifo_rate)
    dmp_set_gyro_bias                        0x00004eb5   Thumb Code   228  inv_mpu_dmp_motion_driver.o(.text.dmp_set_gyro_bias)
    dmp_set_orientation                      0x00004f9d   Thumb Code   192  inv_mpu_dmp_motion_driver.o(.text.dmp_set_orientation)
    dmp_set_tap_thresh                       0x00005075   Thumb Code   288  inv_mpu_dmp_motion_driver.o(.text.dmp_set_tap_thresh)
    fputc                                    0x000051a9   Thumb Code    44  bsp_printf.o(.text.fputc)
    main                                     0x00005715   Thumb Code   176  empty.o(.text.main)
    mpu6050_i2c_sda_unlock                   0x00005809   Thumb Code   112  bsp_iic.o(.text.mpu6050_i2c_sda_unlock)
    mpu_configure_fifo                       0x00005895   Thumb Code   188  inv_mpu.o(.text.mpu_configure_fifo)
    mpu_get_accel_fsr                        0x00005951   Thumb Code    40  inv_mpu.o(.text.mpu_get_accel_fsr)
    mpu_get_accel_sens                       0x00005981   Thumb Code    40  inv_mpu.o(.text.mpu_get_accel_sens)
    mpu_get_gyro_sens                        0x000059bd   Thumb Code    52  inv_mpu.o(.text.mpu_get_gyro_sens)
    mpu_init                                 0x00005a01   Thumb Code   416  inv_mpu.o(.text.mpu_init)
    mpu_load_firmware                        0x00005bf9   Thumb Code   364  inv_mpu.o(.text.mpu_load_firmware)
    mpu_lp_accel_mode                        0x00005d69   Thumb Code   600  inv_mpu.o(.text.mpu_lp_accel_mode)
    mpu_read_fifo_stream                     0x00005fc9   Thumb Code   208  inv_mpu.o(.text.mpu_read_fifo_stream)
    mpu_reset_fifo                           0x000060a1   Thumb Code   412  inv_mpu.o(.text.mpu_reset_fifo)
    mpu_run_self_test                        0x00006245   Thumb Code  2088  inv_mpu.o(.text.mpu_run_self_test)
    mpu_set_accel_fsr                        0x00006a9d   Thumb Code   144  inv_mpu.o(.text.mpu_set_accel_fsr)
    mpu_set_bypass                           0x00006b2d   Thumb Code   292  inv_mpu.o(.text.mpu_set_bypass)
    mpu_set_dmp_state                        0x00006c55   Thumb Code   252  inv_mpu.o(.text.mpu_set_dmp_state)
    mpu_set_lpf                              0x00006d55   Thumb Code   132  inv_mpu.o(.text.mpu_set_lpf)
    mpu_set_sample_rate                      0x00006de1   Thumb Code   240  inv_mpu.o(.text.mpu_set_sample_rate)
    mpu_set_sensors                          0x00006ed9   Thumb Code   244  inv_mpu.o(.text.mpu_set_sensors)
    mpu_write_mem                            0x00006fd1   Thumb Code   124  inv_mpu.o(.text.mpu_write_mem)
    mspm0_i2c_read                           0x00007055   Thumb Code   228  bsp_iic.o(.text.mspm0_i2c_read)
    myget_ms                                 0x0000714d   Thumb Code     2  inv_mpu.o(.text.myget_ms)
    oled_show                                0x00007151   Thumb Code   500  show.o(.text.oled_show)
    puts                                     0x0000782d   Thumb Code   100  bsp_printf.o(.text.puts)
    __0printf                                0x00007899   Thumb Code    24  printfa.o(i.__0printf)
    __1printf                                0x00007899   Thumb Code     0  printfa.o(i.__0printf)
    __2printf                                0x00007899   Thumb Code     0  printfa.o(i.__0printf)
    __c89printf                              0x00007899   Thumb Code     0  printfa.o(i.__0printf)
    printf                                   0x00007899   Thumb Code     0  printfa.o(i.__0printf)
    __0vsprintf                              0x000078b9   Thumb Code    30  printfa.o(i.__0vsprintf)
    __1vsprintf                              0x000078b9   Thumb Code     0  printfa.o(i.__0vsprintf)
    __2vsprintf                              0x000078b9   Thumb Code     0  printfa.o(i.__0vsprintf)
    __c89vsprintf                            0x000078b9   Thumb Code     0  printfa.o(i.__0vsprintf)
    vsprintf                                 0x000078b9   Thumb Code     0  printfa.o(i.__0vsprintf)
    __ARM_clz                                0x000078dd   Thumb Code    46  depilogue.o(i.__ARM_clz)
    __ARM_fpclassify                         0x0000790d   Thumb Code    40  fpclassify.o(i.__ARM_fpclassify)
    __kernel_poly                            0x00007939   Thumb Code   172  poly.o(i.__kernel_poly)
    __mathlib_dbl_divzero                    0x000079e5   Thumb Code    16  dunder.o(i.__mathlib_dbl_divzero)
    __mathlib_dbl_infnan                     0x000079f9   Thumb Code    10  dunder.o(i.__mathlib_dbl_infnan)
    __mathlib_dbl_infnan2                    0x00007a03   Thumb Code     8  dunder.o(i.__mathlib_dbl_infnan2)
    __mathlib_dbl_invalid                    0x00007a0b   Thumb Code    16  dunder.o(i.__mathlib_dbl_invalid)
    __mathlib_dbl_overflow                   0x00007a1d   Thumb Code    16  dunder.o(i.__mathlib_dbl_overflow)
    __mathlib_dbl_underflow                  0x00007a31   Thumb Code    14  dunder.o(i.__mathlib_dbl_underflow)
    __scatterload_copy                       0x00007a49   Thumb Code    14  handlers.o(i.__scatterload_copy)
    __scatterload_null                       0x00007a59   Thumb Code     2  handlers.o(i.__scatterload_null)
    __scatterload_zeroinit                   0x00007a61   Thumb Code    14  handlers.o(i.__scatterload_zeroinit)
    __set_errno                              0x00007a71   Thumb Code     6  errno.o(i.__set_errno)
    asin                                     0x00008335   Thumb Code   574  asin.o(i.asin)
    atan                                     0x000085a9   Thumb Code   472  atan.o(i.atan)
    atan2                                    0x000087c5   Thumb Code   372  atan2.o(i.atan2)
    pow                                      0x00008961   Thumb Code  2506  pow.o(i.pow)
    roundf                                   0x00009335   Thumb Code   116  roundf.o(i.roundf)
    sqrt                                     0x000093a9   Thumb Code    66  sqrt.o(i.sqrt)
    __mathlib_zero                           0x00009560   Data           8  qnan.o(.constdata)
    hw                                       0x0000a218   Data          12  inv_mpu.o(.rodata.hw)
    oled_asc2_1206                           0x0000a224   Data        1140  bsp_oled.o(.rodata.oled_asc2_1206)
    oled_asc2_1608                           0x0000a698   Data        1520  bsp_oled.o(.rodata.oled_asc2_1608)
    reg                                      0x0000ac88   Data          27  inv_mpu.o(.rodata.reg)
    test                                     0x0000ada8   Data          40  inv_mpu.o(.rodata.test)
    Region$$Table$$Base                      0x0000add0   Number         0  anon$$obj.o(Region$$Table)
    Region$$Table$$Limit                     0x0000adf0   Number         0  anon$$obj.o(Region$$Table)
    __stdout                                 0x20200000   Data           4  stdout.o(.data)
    Flag_Stop                                0x20200008   Data           1  balance.o(.data.Flag_Stop)
    KEY0                                     0x2020000c   Data           4  empty.o(.data.KEY0)
    RTOSTaskDebug                            0x20200010   Data          12  bsp_debugtimer.o(.data.RTOSTaskDebug)
    Turn_Kp                                  0x2020001c   Data           4  balance.o(.data.Turn_Kp)
    UserKey                                  0x20200020   Data           4  bsp_key.o(.data.UserKey)
    UserOLED                                 0x20200024   Data          28  bsp_oled.o(.data.UserOLED)
    User_sIICDev                             0x20200040   Data          24  bsp_iic.o(.data.User_sIICDev)
    Velocity_Kp                              0x20200058   Data           4  balance.o(.data.Velocity_Kp)
    mainTaskFreqCheck                        0x2020005c   Data           4  empty.o(.data.mainTaskFreqCheck)
    q0                                       0x20200060   Data           4  mpu6050.o(.data.q0)
    Balance_Kd                               0x2020009c   Data           4  balance.o(.bss.Balance_Kd)
    Balance_Kp                               0x202000a0   Data           4  balance.o(.bss.Balance_Kp)
    Encoder_Left                             0x202000a4   Data           4  balance.o(.bss.Encoder_Left)
    Encoder_Right                            0x202000a8   Data           4  balance.o(.bss.Encoder_Right)
    Flag_Left                                0x202000ac   Data           1  balance.o(.bss.Flag_Left)
    Flag_Right                               0x202000ad   Data           1  balance.o(.bss.Flag_Right)
    Flag_back                                0x202000ae   Data           1  balance.o(.bss.Flag_back)
    Flag_front                               0x202000af   Data           1  balance.o(.bss.Flag_front)
    Motor_Left                               0x202000b4   Data           4  balance.o(.bss.Motor_Left)
    Motor_Right                              0x202000b8   Data           4  balance.o(.bss.Motor_Right)
    OLED_GRAM                                0x202000bc   Data        1024  bsp_oled.o(.bss.OLED_GRAM)
    PID_Send                                 0x202004bc   Data           1  bluetooth.o(.bss.PID_Send)
    Pitch                                    0x202004c0   Data           4  mpu6050.o(.bss.Pitch)
    Roll                                     0x202004c4   Data           4  mpu6050.o(.bss.Roll)
    Turn1                                    0x202004c8   Data           4  balance.o(.bss.Turn1)
    Turn_Kd                                  0x202004cc   Data           4  balance.o(.bss.Turn_Kd)
    Ux_TxBuff                                0x202004d0   Data         256  bsp_printf.o(.bss.Ux_TxBuff)
    Velocity1                                0x202005d0   Data           4  balance.o(.bss.Velocity1)
    Velocity_Ki                              0x202005d4   Data           4  balance.o(.bss.Velocity_Ki)
    Velocity_Left                            0x202005d8   Data           4  balance.o(.bss.Velocity_Left)
    Velocity_Right                           0x202005dc   Data           4  balance.o(.bss.Velocity_Right)
    Yaw                                      0x202005e0   Data           4  mpu6050.o(.bss.Yaw)
    accel                                    0x202005e4   Data           6  mpu6050.o(.bss.accel)
    buffer                                   0x20200628   Data          14  mpu6050.o(.bss.buffer)
    controlFlag                              0x20200638   Data           4  balance.o(.bss.controlFlag)
    data1                                    0x2020063c   Data           2  empty.o(.bss.data1)
    flag                                     0x20200654   Data           4  balance.o(.bss.flag)
    gBTPacket                                0x20200658   Data         200  bluetooth.o(.bss.gBTPacket)
    gDebugTimerBackup                        0x20200720   Data         120  ti_msp_dl_config.o(.bss.gDebugTimerBackup)
    gPWM_0Backup                             0x20200798   Data         188  ti_msp_dl_config.o(.bss.gPWM_0Backup)
    g_EncoderACount                          0x20200854   Data           2  empty.o(.bss.g_EncoderACount)
    g_EncoderBCount                          0x20200856   Data           2  empty.o(.bss.g_EncoderBCount)
    getVolFlag                               0x20200858   Data           1  balance.o(.bss.getVolFlag)
    gyro                                     0x2020085a   Data           6  mpu6050.o(.bss.gyro)
    mainFreqPriv                             0x20200868   Data          16  empty.o(.bss.mainFreqPriv)
    mainTaskFreq                             0x20200878   Data           1  empty.o(.bss.mainTaskFreq)
    mainTaskUseTime                          0x2020087c   Data           4  empty.o(.bss.mainTaskUseTime)
    mainUseTimePriv                          0x20200880   Data          16  empty.o(.bss.mainUseTimePriv)
    mpu6050                                  0x20200890   Data          36  mpu6050.o(.bss.mpu6050)
    openmv                                   0x202008b4   Data          40  empty.o(.bss.openmv)
    q1                                       0x202008dc   Data           4  mpu6050.o(.bss.q1)
    q2                                       0x202008e0   Data           4  mpu6050.o(.bss.q2)
    q3                                       0x202008e4   Data           4  mpu6050.o(.bss.q3)
    robotVol                                 0x202008e8   Data           4  balance.o(.bss.robotVol)
    sensors                                  0x202008ec   Data           2  mpu6050.o(.bss.sensors)
    state                                    0x202008f0   Data           4  empty.o(.bss.state)
    x                                        0x202008f4   Data           4  empty.o(.bss.x)
    y                                        0x202008f8   Data           4  empty.o(.bss.y)
    __initial_sp                             0x20201900   Data           0  startup_mspm0g350x_uvision.o(STACK)



==============================================================================

Memory Map of the image

  Image Entry point : 0x000000c1

  Load Region LR_IROM1 (Base: 0x00000000, Size: 0x0000ae80, Max: 0x00020000, ABSOLUTE)

    Execution Region ER_IROM1 (Exec base: 0x00000000, Load base: 0x00000000, Size: 0x0000adf0, Max: 0x00020000, ABSOLUTE)

    Exec Addr    Load Addr    Size         Type   Attr      Idx    E Section Name        Object

    0x00000000   0x00000000   0x000000c0   Data   RO           37    RESET               startup_mspm0g350x_uvision.o
    0x000000c0   0x000000c0   0x00000000   Code   RO         1342  * .ARM.Collect$$$$00000000  mc_p.l(entry.o)
    0x000000c0   0x000000c0   0x00000004   Code   RO         1690    .ARM.Collect$$$$00000001  mc_p.l(entry2.o)
    0x000000c4   0x000000c4   0x00000004   Code   RO         1693    .ARM.Collect$$$$00000004  mc_p.l(entry5.o)
    0x000000c8   0x000000c8   0x00000000   Code   RO         1695    .ARM.Collect$$$$00000008  mc_p.l(entry7b.o)
    0x000000c8   0x000000c8   0x00000000   Code   RO         1697    .ARM.Collect$$$$0000000A  mc_p.l(entry8b.o)
    0x000000c8   0x000000c8   0x00000008   Code   RO         1698    .ARM.Collect$$$$0000000B  mc_p.l(entry9a.o)
    0x000000d0   0x000000d0   0x00000000   Code   RO         1700    .ARM.Collect$$$$0000000D  mc_p.l(entry10a.o)
    0x000000d0   0x000000d0   0x00000000   Code   RO         1702    .ARM.Collect$$$$0000000F  mc_p.l(entry11a.o)
    0x000000d0   0x000000d0   0x00000004   Code   RO         1691    .ARM.Collect$$$$00002712  mc_p.l(entry2.o)
    0x000000d4   0x000000d4   0x00000014   Code   RO           38    .text               startup_mspm0g350x_uvision.o
    0x000000e8   0x000000e8   0x0000004c   Code   RO         1353    .text               mc_p.l(ldiv.o)
    0x00000134   0x00000134   0x00000030   Code   RO         1355    .text               mc_p.l(llmul.o)
    0x00000164   0x00000164   0x00000024   Code   RO         1359    .text               mc_p.l(memseta.o)
    0x00000188   0x00000188   0x0000000e   Code   RO         1361    .text               mc_p.l(strlen.o)
    0x00000196   0x00000196   0x0000001a   Code   RO         1363    .text               mc_p.l(memcmp.o)
    0x000001b0   0x000001b0   0x000000b2   Code   RO         1628    .text               mf_p.l(fadd.o)
    0x00000262   0x00000262   0x0000007a   Code   RO         1630    .text               mf_p.l(fmul.o)
    0x000002dc   0x000002dc   0x0000007c   Code   RO         1632    .text               mf_p.l(fdiv.o)
    0x00000358   0x00000358   0x00000164   Code   RO         1634    .text               mf_p.l(dadd.o)
    0x000004bc   0x000004bc   0x000000d0   Code   RO         1636    .text               mf_p.l(dmul.o)
    0x0000058c   0x0000058c   0x000000f0   Code   RO         1638    .text               mf_p.l(ddiv.o)
    0x0000067c   0x0000067c   0x0000001c   Code   RO         1640    .text               mf_p.l(fcmple.o)
    0x00000698   0x00000698   0x0000001c   Code   RO         1642    .text               mf_p.l(fcmplt.o)
    0x000006b4   0x000006b4   0x0000001c   Code   RO         1644    .text               mf_p.l(fcmpge.o)
    0x000006d0   0x000006d0   0x0000001c   Code   RO         1646    .text               mf_p.l(fcmpgt.o)
    0x000006ec   0x000006ec   0x0000001c   Code   RO         1648    .text               mf_p.l(fcmpeq.o)
    0x00000708   0x00000708   0x00000016   Code   RO         1650    .text               mf_p.l(fflti.o)
    0x0000071e   0x0000071e   0x0000000e   Code   RO         1652    .text               mf_p.l(ffltui.o)
    0x0000072c   0x0000072c   0x00000028   Code   RO         1654    .text               mf_p.l(dflti.o)
    0x00000754   0x00000754   0x00000032   Code   RO         1656    .text               mf_p.l(ffixi.o)
    0x00000786   0x00000786   0x00000028   Code   RO         1658    .text               mf_p.l(f2d.o)
    0x000007ae   0x000007ae   0x00000038   Code   RO         1660    .text               mf_p.l(d2f.o)
    0x000007e6   0x000007e6   0x0000003e   Code   RO         1709    .text               mc_p.l(uidiv_div0.o)
    0x00000824   0x00000824   0x00000050   Code   RO         1711    .text               mc_p.l(idiv_div0.o)
    0x00000874   0x00000874   0x00000060   Code   RO         1715    .text               mc_p.l(uldiv.o)
    0x000008d4   0x000008d4   0x00000020   Code   RO         1717    .text               mc_p.l(llshl.o)
    0x000008f4   0x000008f4   0x00000026   Code   RO         1719    .text               mc_p.l(llsshr.o)
    0x0000091a   0x0000091a   0x00000000   Code   RO         1728    .text               mc_p.l(iusefp.o)
    0x0000091a   0x0000091a   0x00000082   Code   RO         1729    .text               mf_p.l(fepilogue.o)
    0x0000099c   0x0000099c   0x0000003e   Code   RO         1731    .text               mf_p.l(frnd.o)
    0x000009da   0x000009da   0x000000be   Code   RO         1733    .text               mf_p.l(depilogue.o)
    0x00000a98   0x00000a98   0x0000002c   Code   RO         1737    .text               mf_p.l(dscalb.o)
    0x00000ac4   0x00000ac4   0x00000040   Code   RO         1739    .text               mf_p.l(dfixul.o)
    0x00000b04   0x00000b04   0x00000028   Code   RO         1741    .text               mf_p.l(cdcmple.o)
    0x00000b2c   0x00000b2c   0x00000028   Code   RO         1743    .text               mf_p.l(cdrcmple.o)
    0x00000b54   0x00000b54   0x00000004   PAD
    0x00000b58   0x00000b58   0x00000030   Code   RO         1745    .text               mc_p.l(init.o)
    0x00000b88   0x00000b88   0x00000022   Code   RO         1747    .text               mc_p.l(llushr.o)
    0x00000baa   0x00000baa   0x000000a2   Code   RO         1749    .text               mf_p.l(dsqrt.o)
    0x00000c4c   0x00000c4c   0x0000001c   Code   RO         1221    .text.ADC1_IRQHandler  balance.o
    0x00000c68   0x00000c68   0x00000160   Code   RO         1262    .text.BTBufferHandler  bluetooth.o
    0x00000dc8   0x00000dc8   0x0000002c   Code   RO         1260    .text.BT_DAMConfig  bluetooth.o
    0x00000df4   0x00000df4   0x00000310   Code   RO         1217    .text.BalanceControlTask  balance.o
    0x00001104   0x00001104   0x00000040   Code   RO          805    .text.DL_ADC12_setClockConfig  dl_adc12.o
    0x00001144   0x00001144   0x0000000a   Code   RO          759    .text.DL_Common_delayCycles  dl_common.o
    0x0000114e   0x0000114e   0x00000002   PAD
    0x00001150   0x00001150   0x00000044   Code   RO          712    .text.DL_DMA_initChannel  dl_dma.o
    0x00001194   0x00001194   0x00000080   Code   RO          524    .text.DL_I2C_fillControllerTXFIFO  dl_i2c.o
    0x00001214   0x00001214   0x00000044   Code   RO          526    .text.DL_I2C_flushControllerTXFIFO  dl_i2c.o
    0x00001258   0x00001258   0x00000026   Code   RO          520    .text.DL_I2C_setClockConfig  dl_i2c.o
    0x0000127e   0x0000127e   0x00000002   PAD
    0x00001280   0x00001280   0x000000c4   Code   RO         1295    .text.DL_SYSCTL_configSYSPLL  driverlib.a(dl_sysctl_mspm0g1x0x_g3x0x.o)
    0x00001344   0x00001344   0x00000028   Code   RO         1303    .text.DL_SYSCTL_switchMCLKfromSYSOSCtoHSCLK  driverlib.a(dl_sysctl_mspm0g1x0x_g3x0x.o)
    0x0000136c   0x0000136c   0x00000084   Code   RO          233    .text.DL_TimerA_initPWMMode  dl_timer.o
    0x000013f0   0x000013f0   0x000000d4   Code   RO          193    .text.DL_Timer_initPWMMode  dl_timer.o
    0x000014c4   0x000014c4   0x000000ec   Code   RO          175    .text.DL_Timer_initTimerMode  dl_timer.o
    0x000015b0   0x000015b0   0x0000001c   Code   RO          207    .text.DL_Timer_setCaptCompUpdateMethod  dl_timer.o
    0x000015cc   0x000015cc   0x00000018   Code   RO          197    .text.DL_Timer_setCaptureCompareOutCtl  dl_timer.o
    0x000015e4   0x000015e4   0x00000010   Code   RO          177    .text.DL_Timer_setCaptureCompareValue  dl_timer.o
    0x000015f4   0x000015f4   0x0000001c   Code   RO          171    .text.DL_Timer_setClockConfig  dl_timer.o
    0x00001610   0x00001610   0x00000048   Code   RO          119    .text.DL_UART_init  dl_uart.o
    0x00001658   0x00001658   0x00000012   Code   RO          121    .text.DL_UART_setClockConfig  dl_uart.o
    0x0000166a   0x0000166a   0x00000002   PAD
    0x0000166c   0x0000166c   0x00000024   Code   RO          133    .text.DL_UART_transmitDataBlocking  dl_uart.o
    0x00001690   0x00001690   0x0000020c   Code   RO         1185    .text.DMP_Init      mpu6050.o
    0x0000189c   0x0000189c   0x00000160   Code   RO            4    .text.GROUP1_IRQHandler  empty.o
    0x000019fc   0x000019fc   0x00000004   Code   RO          857    .text.HW_IIC_Master_Receive  bsp_iic.o
    0x00001a00   0x00001a00   0x00000004   Code   RO          855    .text.HW_IIC_Master_Transmit  bsp_iic.o
    0x00001a04   0x00001a04   0x00000018   Code   RO          861    .text.HW_IIC_Mem_Read  bsp_iic.o
    0x00001a1c   0x00001a1c   0x00000088   Code   RO          859    .text.HW_IIC_Mem_Write  bsp_iic.o
    0x00001aa4   0x00001aa4   0x00000008   Code   RO          863    .text.HW_iic_delayms  bsp_iic.o
    0x00001aac   0x00001aac   0x00000098   Code   RO          853    .text.HW_iic_init   bsp_iic.o
    0x00001b44   0x00001b44   0x00000140   Code   RO            8    .text.K210_Receive_Data  empty.o
    0x00001c84   0x00001c84   0x00000158   Code   RO         1183    .text.MPU6050_initialize  mpu6050.o
    0x00001ddc   0x00001ddc   0x00000654   Code   RO          901    .text.OLED_Clear    bsp_oled.o
    0x00002430   0x00002430   0x00000b8e   Code   RO          889    .text.OLED_Init     bsp_oled.o
    0x00002fbe   0x00002fbe   0x00000002   PAD
    0x00002fc0   0x00002fc0   0x0000020c   Code   RO          899    .text.OLED_Refresh_Gram  bsp_oled.o
    0x000031cc   0x000031cc   0x00000178   Code   RO          891    .text.OLED_ShowChar  bsp_oled.o
    0x00003344   0x00003344   0x0000034c   Code   RO          893    .text.OLED_ShowNumber  bsp_oled.o
    0x00003690   0x00003690   0x000007e4   Code   RO          895    .text.OLED_ShowString  bsp_oled.o
    0x00003e74   0x00003e74   0x000001fc   Code   RO         1187    .text.Read_DMP      mpu6050.o
    0x00004070   0x00004070   0x00000050   Code   RO           67    .text.SYSCFG_DL_ADC12_0_init  ti_msp_dl_config.o
    0x000040c0   0x000040c0   0x00000018   Code   RO           77    .text.SYSCFG_DL_DMA_CH0_init  ti_msp_dl_config.o
    0x000040d8   0x000040d8   0x00000008   Code   RO           69    .text.SYSCFG_DL_DMA_init  ti_msp_dl_config.o
    0x000040e0   0x000040e0   0x0000002c   Code   RO           57    .text.SYSCFG_DL_DebugTimer_init  ti_msp_dl_config.o
    0x0000410c   0x0000410c   0x000000fc   Code   RO           49    .text.SYSCFG_DL_GPIO_init  ti_msp_dl_config.o
    0x00004208   0x00004208   0x00000054   Code   RO           59    .text.SYSCFG_DL_I2C_0_init  ti_msp_dl_config.o
    0x0000425c   0x0000425c   0x0000008c   Code   RO           53    .text.SYSCFG_DL_PWM_0_init  ti_msp_dl_config.o
    0x000042e8   0x000042e8   0x00000084   Code   RO           51    .text.SYSCFG_DL_SYSCTL_init  ti_msp_dl_config.o
    0x0000436c   0x0000436c   0x00000020   Code   RO           71    .text.SYSCFG_DL_SYSTICK_init  ti_msp_dl_config.o
    0x0000438c   0x0000438c   0x00000038   Code   RO           55    .text.SYSCFG_DL_TIMER_0_init  ti_msp_dl_config.o
    0x000043c4   0x000043c4   0x00000070   Code   RO           61    .text.SYSCFG_DL_UART_0_init  ti_msp_dl_config.o
    0x00004434   0x00004434   0x0000007c   Code   RO           63    .text.SYSCFG_DL_UART_1_init  ti_msp_dl_config.o
    0x000044b0   0x000044b0   0x00000084   Code   RO           65    .text.SYSCFG_DL_UART_2_init  ti_msp_dl_config.o
    0x00004534   0x00004534   0x00000050   Code   RO           45    .text.SYSCFG_DL_init  ti_msp_dl_config.o
    0x00004584   0x00004584   0x00000088   Code   RO           47    .text.SYSCFG_DL_initPower  ti_msp_dl_config.o
    0x0000460c   0x0000460c   0x00000008   Code   RO          933    .text.Systick_getTick  bsp_systick.o
    0x00004614   0x00004614   0x0000001c   Code   RO            6    .text.UART0_IRQHandler  empty.o
    0x00004630   0x00004630   0x0000002c   Code   RO           10    .text.UART2_IRQHandler  empty.o
    0x0000465c   0x0000465c   0x00000064   Code   RO          916    .text.any_printf    bsp_printf.o
    0x000046c0   0x000046c0   0x000001e0   Code   RO         1264    .text.bt_control    bluetooth.o
    0x000048a0   0x000048a0   0x00000080   Code   RO          935    .text.delay_ms      bsp_systick.o
    0x00004920   0x00004920   0x000002a4   Code   RO         1090    .text.dmp_enable_feature  inv_mpu_dmp_motion_driver.o
    0x00004bc4   0x00004bc4   0x0000001c   Code   RO         1054    .text.dmp_load_motion_driver_firmware  inv_mpu_dmp_motion_driver.o
    0x00004be0   0x00004be0   0x000001a4   Code   RO         1102    .text.dmp_read_fifo  inv_mpu_dmp_motion_driver.o
    0x00004d84   0x00004d84   0x000000c4   Code   RO         1060    .text.dmp_set_accel_bias  inv_mpu_dmp_motion_driver.o
    0x00004e48   0x00004e48   0x0000006c   Code   RO         1062    .text.dmp_set_fifo_rate  inv_mpu_dmp_motion_driver.o
    0x00004eb4   0x00004eb4   0x000000e8   Code   RO         1058    .text.dmp_set_gyro_bias  inv_mpu_dmp_motion_driver.o
    0x00004f9c   0x00004f9c   0x000000d8   Code   RO         1056    .text.dmp_set_orientation  inv_mpu_dmp_motion_driver.o
    0x00005074   0x00005074   0x00000134   Code   RO         1066    .text.dmp_set_tap_thresh  inv_mpu_dmp_motion_driver.o
    0x000051a8   0x000051a8   0x00000034   Code   RO          918    .text.fputc         bsp_printf.o
    0x000051dc   0x000051dc   0x0000004c   Code   RO          832    .text.get_Freq      bsp_debugtimer.o
    0x00005228   0x00005228   0x00000008   Code   RO          830    .text.get_StartCount  bsp_debugtimer.o
    0x00005230   0x00005230   0x0000003c   Code   RO          834    .text.get_UsedTime  bsp_debugtimer.o
    0x0000526c   0x0000526c   0x000003ac   Code   RO         1023    .text.get_st_biases  inv_mpu.o
    0x00005618   0x00005618   0x000000fc   Code   RO          874    .text.key_scan      bsp_key.o
    0x00005714   0x00005714   0x000000f4   Code   RO            2    .text.main          empty.o
    0x00005808   0x00005808   0x0000008c   Code   RO          847    .text.mpu6050_i2c_sda_unlock  bsp_iic.o
    0x00005894   0x00005894   0x000000bc   Code   RO          969    .text.mpu_configure_fifo  inv_mpu.o
    0x00005950   0x00005950   0x00000030   Code   RO          993    .text.mpu_get_accel_fsr  inv_mpu.o
    0x00005980   0x00005980   0x0000003c   Code   RO         1005    .text.mpu_get_accel_sens  inv_mpu.o
    0x000059bc   0x000059bc   0x00000044   Code   RO         1003    .text.mpu_get_gyro_sens  inv_mpu.o
    0x00005a00   0x00005a00   0x000001f8   Code   RO          959    .text.mpu_init      inv_mpu.o
    0x00005bf8   0x00005bf8   0x00000170   Code   RO         1029    .text.mpu_load_firmware  inv_mpu.o
    0x00005d68   0x00005d68   0x00000260   Code   RO          975    .text.mpu_lp_accel_mode  inv_mpu.o
    0x00005fc8   0x00005fc8   0x000000d8   Code   RO         1015    .text.mpu_read_fifo_stream  inv_mpu.o
    0x000060a0   0x000060a0   0x000001a4   Code   RO          989    .text.mpu_reset_fifo  inv_mpu.o
    0x00006244   0x00006244   0x00000858   Code   RO         1019    .text.mpu_run_self_test  inv_mpu.o
    0x00006a9c   0x00006a9c   0x00000090   Code   RO          963    .text.mpu_set_accel_fsr  inv_mpu.o
    0x00006b2c   0x00006b2c   0x00000128   Code   RO          971    .text.mpu_set_bypass  inv_mpu.o
    0x00006c54   0x00006c54   0x00000100   Code   RO         1021    .text.mpu_set_dmp_state  inv_mpu.o
    0x00006d54   0x00006d54   0x0000008c   Code   RO          965    .text.mpu_set_lpf   inv_mpu.o
    0x00006de0   0x00006de0   0x000000f8   Code   RO          967    .text.mpu_set_sample_rate  inv_mpu.o
    0x00006ed8   0x00006ed8   0x000000f8   Code   RO          973    .text.mpu_set_sensors  inv_mpu.o
    0x00006fd0   0x00006fd0   0x00000084   Code   RO         1025    .text.mpu_write_mem  inv_mpu.o
    0x00007054   0x00007054   0x000000f8   Code   RO          851    .text.mspm0_i2c_read  bsp_iic.o
    0x0000714c   0x0000714c   0x00000002   Code   RO          981    .text.myget_ms      inv_mpu.o
    0x0000714e   0x0000714e   0x00000002   PAD
    0x00007150   0x00007150   0x00000264   Code   RO         1286    .text.oled_show     show.o
    0x000073b4   0x000073b4   0x00000478   Code   RO          897    .text.oled_showfloat  bsp_oled.o
    0x0000782c   0x0000782c   0x0000006c   Code   RO          922    .text.puts          bsp_printf.o
    0x00007898   0x00007898   0x00000020   Code   RO         1600    i.__0printf         mc_p.l(printfa.o)
    0x000078b8   0x000078b8   0x00000024   Code   RO         1606    i.__0vsprintf       mc_p.l(printfa.o)
    0x000078dc   0x000078dc   0x0000002e   Code   RO         1735    i.__ARM_clz         mf_p.l(depilogue.o)
    0x0000790a   0x0000790a   0x00000002   PAD
    0x0000790c   0x0000790c   0x0000002c   Code   RO         1681    i.__ARM_fpclassify  m_ps.l(fpclassify.o)
    0x00007938   0x00007938   0x000000ac   Code   RO         1683    i.__kernel_poly     m_ps.l(poly.o)
    0x000079e4   0x000079e4   0x00000014   Code   RO         1667    i.__mathlib_dbl_divzero  m_ps.l(dunder.o)
    0x000079f8   0x000079f8   0x0000000a   Code   RO         1668    i.__mathlib_dbl_infnan  m_ps.l(dunder.o)
    0x00007a02   0x00007a02   0x00000008   Code   RO         1669    i.__mathlib_dbl_infnan2  m_ps.l(dunder.o)
    0x00007a0a   0x00007a0a   0x00000010   Code   RO         1670    i.__mathlib_dbl_invalid  m_ps.l(dunder.o)
    0x00007a1a   0x00007a1a   0x00000002   PAD
    0x00007a1c   0x00007a1c   0x00000014   Code   RO         1671    i.__mathlib_dbl_overflow  m_ps.l(dunder.o)
    0x00007a30   0x00007a30   0x00000014   Code   RO         1673    i.__mathlib_dbl_underflow  m_ps.l(dunder.o)
    0x00007a44   0x00007a44   0x00000004   PAD
    0x00007a48   0x00007a48   0x0000000e   Code   RO         1753    i.__scatterload_copy  mc_p.l(handlers.o)
    0x00007a56   0x00007a56   0x00000002   PAD
    0x00007a58   0x00007a58   0x00000002   Code   RO         1754    i.__scatterload_null  mc_p.l(handlers.o)
    0x00007a5a   0x00007a5a   0x00000006   PAD
    0x00007a60   0x00007a60   0x0000000e   Code   RO         1755    i.__scatterload_zeroinit  mc_p.l(handlers.o)
    0x00007a6e   0x00007a6e   0x00000002   PAD
    0x00007a70   0x00007a70   0x0000000c   Code   RO         1723    i.__set_errno       mc_p.l(errno.o)
    0x00007a7c   0x00007a7c   0x00000174   Code   RO         1607    i._fp_digits        mc_p.l(printfa.o)
    0x00007bf0   0x00007bf0   0x000006ec   Code   RO         1608    i._printf_core      mc_p.l(printfa.o)
    0x000082dc   0x000082dc   0x00000020   Code   RO         1609    i._printf_post_padding  mc_p.l(printfa.o)
    0x000082fc   0x000082fc   0x0000002c   Code   RO         1610    i._printf_pre_padding  mc_p.l(printfa.o)
    0x00008328   0x00008328   0x0000000a   Code   RO         1612    i._sputc            mc_p.l(printfa.o)
    0x00008332   0x00008332   0x00000002   PAD
    0x00008334   0x00008334   0x00000274   Code   RO         1327    i.asin              m_ps.l(asin.o)
    0x000085a8   0x000085a8   0x0000021c   Code   RO         1663    i.atan              m_ps.l(atan.o)
    0x000087c4   0x000087c4   0x0000019c   Code   RO         1332    i.atan2             m_ps.l(atan2.o)
    0x00008960   0x00008960   0x000009d4   Code   RO         1336    i.pow               m_ps.l(pow.o)
    0x00009334   0x00009334   0x00000074   Code   RO         1340    i.roundf            m_ps.l(roundf.o)
    0x000093a8   0x000093a8   0x00000048   Code   RO         1687    i.sqrt              m_ps.l(sqrt.o)
    0x000093f0   0x000093f0   0x00000050   Data   RO         1328    .constdata          m_ps.l(asin.o)
    0x00009440   0x00009440   0x00000088   Data   RO         1337    .constdata          m_ps.l(pow.o)
    0x000094c8   0x000094c8   0x00000098   Data   RO         1664    .constdata          m_ps.l(atan.o)
    0x00009560   0x00009560   0x00000008   Data   RO         1685    .constdata          m_ps.l(qnan.o)
    0x00009568   0x00009568   0x00000003   Data   RO         1110    .rodata..L__const.dmp_set_orientation.accel_axes  inv_mpu_dmp_motion_driver.o
    0x0000956b   0x0000956b   0x00000003   Data   RO         1109    .rodata..L__const.dmp_set_orientation.gyro_axes  inv_mpu_dmp_motion_driver.o
    0x0000956e   0x0000956e   0x00000008   Data   RO         1044    .rodata.cst8        inv_mpu.o
    0x00009576   0x00009576   0x00000bf6   Data   RO         1108    .rodata.dmp_memory  inv_mpu_dmp_motion_driver.o
    0x0000a16c   0x0000a16c   0x00000008   Data   RO           95    .rodata.gADC12_0ClockConfig  ti_msp_dl_config.o
    0x0000a174   0x0000a174   0x00000018   Data   RO           96    .rodata.gDMA_CH0Config  ti_msp_dl_config.o
    0x0000a18c   0x0000a18c   0x00000003   Data   RO           86    .rodata.gDebugTimerClockConfig  ti_msp_dl_config.o
    0x0000a18f   0x0000a18f   0x00000001   PAD
    0x0000a190   0x0000a190   0x00000014   Data   RO           87    .rodata.gDebugTimerTimerConfig  ti_msp_dl_config.o
    0x0000a1a4   0x0000a1a4   0x00000002   Data   RO           88    .rodata.gI2C_0ClockConfig  ti_msp_dl_config.o
    0x0000a1a6   0x0000a1a6   0x00000003   Data   RO           82    .rodata.gPWM_0ClockConfig  ti_msp_dl_config.o
    0x0000a1a9   0x0000a1a9   0x00000003   PAD
    0x0000a1ac   0x0000a1ac   0x00000008   Data   RO           83    .rodata.gPWM_0Config  ti_msp_dl_config.o
    0x0000a1b4   0x0000a1b4   0x00000028   Data   RO           81    .rodata.gSYSPLLConfig  ti_msp_dl_config.o
    0x0000a1dc   0x0000a1dc   0x00000003   Data   RO           84    .rodata.gTIMER_0ClockConfig  ti_msp_dl_config.o
    0x0000a1df   0x0000a1df   0x00000001   PAD
    0x0000a1e0   0x0000a1e0   0x00000014   Data   RO           85    .rodata.gTIMER_0TimerConfig  ti_msp_dl_config.o
    0x0000a1f4   0x0000a1f4   0x00000002   Data   RO           89    .rodata.gUART_0ClockConfig  ti_msp_dl_config.o
    0x0000a1f6   0x0000a1f6   0x0000000a   Data   RO           90    .rodata.gUART_0Config  ti_msp_dl_config.o
    0x0000a200   0x0000a200   0x00000002   Data   RO           91    .rodata.gUART_1ClockConfig  ti_msp_dl_config.o
    0x0000a202   0x0000a202   0x0000000a   Data   RO           92    .rodata.gUART_1Config  ti_msp_dl_config.o
    0x0000a20c   0x0000a20c   0x00000002   Data   RO           93    .rodata.gUART_2ClockConfig  ti_msp_dl_config.o
    0x0000a20e   0x0000a20e   0x0000000a   Data   RO           94    .rodata.gUART_2Config  ti_msp_dl_config.o
    0x0000a218   0x0000a218   0x0000000c   Data   RO         1039    .rodata.hw          inv_mpu.o
    0x0000a224   0x0000a224   0x00000474   Data   RO          903    .rodata.oled_asc2_1206  bsp_oled.o
    0x0000a698   0x0000a698   0x000005f0   Data   RO          904    .rodata.oled_asc2_1608  bsp_oled.o
    0x0000ac88   0x0000ac88   0x0000001b   Data   RO         1040    .rodata.reg         inv_mpu.o
    0x0000aca3   0x0000aca3   0x0000004d   Data   RO         1043    .rodata.str1.1      inv_mpu.o
    0x0000acf0   0x0000acf0   0x000000af   Data   RO         1208    .rodata.str1.1      mpu6050.o
    0x0000ad9f   0x0000ad9f   0x00000009   Data   RO         1288    .rodata.str1.1      show.o
    0x0000ada8   0x0000ada8   0x00000028   Data   RO         1041    .rodata.test        inv_mpu.o
    0x0000add0   0x0000add0   0x00000020   Data   RO         1752    Region$$Table       anon$$obj.o


    Execution Region RW_IRAM2 (Exec base: 0x20200000, Load base: 0x0000adf0, Size: 0x00001900, Max: 0x00008000, ABSOLUTE)

    Exec Addr    Load Addr    Size         Type   Attr      Idx    E Section Name        Object

    0x20200000   0x0000adf0   0x00000004   Data   RW         1704    .data               mc_p.l(stdout.o)
    0x20200004   0x0000adf4   0x00000004   Data   RW         1724    .data               mc_p.l(errno.o)
    0x20200008   0x0000adf8   0x00000001   Data   RW         1225    .data.Flag_Stop     balance.o
    0x20200009   0x0000adf9   0x00000003   PAD
    0x2020000c   0x0000adfc   0x00000004   Data   RW           22    .data.KEY0          empty.o
    0x20200010   0x0000ae00   0x0000000c   Data   RW          836    .data.RTOSTaskDebug  bsp_debugtimer.o
    0x2020001c   0x0000ae0c   0x00000004   Data   RW         1231    .data.Turn_Kp       balance.o
    0x20200020   0x0000ae10   0x00000004   Data   RW          876    .data.UserKey       bsp_key.o
    0x20200024   0x0000ae14   0x0000001c   Data   RW          906    .data.UserOLED      bsp_oled.o
    0x20200040   0x0000ae30   0x00000018   Data   RW          865    .data.User_sIICDev  bsp_iic.o
    0x20200058   0x0000ae48   0x00000004   Data   RW         1229    .data.Velocity_Kp   balance.o
    0x2020005c   0x0000ae4c   0x00000004   Data   RW           16    .data.mainTaskFreqCheck  empty.o
    0x20200060   0x0000ae50   0x00000004   Data   RW         1191    .data.q0            mpu6050.o
    0x20200064   0x0000ae54   0x0000002c   Data   RW         1042    .data.st            inv_mpu.o
    0x20200090        -       0x00000001   Zero   RW         1271    .bss.BTBufferHandler.handleSize  bluetooth.o
    0x20200091        -       0x00000001   Zero   RW         1270    .bss.BTBufferHandler.handleflag  bluetooth.o
    0x20200092        -       0x00000001   Zero   RW         1272    .bss.BTBufferHandler.lastSize  bluetooth.o
    0x20200093   0x0000ae80   0x00000001   PAD
    0x20200094        -       0x00000004   Zero   RW         1239    .bss.BalanceControlTask.Velocity_Pwm_L  balance.o
    0x20200098        -       0x00000004   Zero   RW         1238    .bss.BalanceControlTask.Velocity_Pwm_R  balance.o
    0x2020009c        -       0x00000004   Zero   RW         1228    .bss.Balance_Kd     balance.o
    0x202000a0        -       0x00000004   Zero   RW         1227    .bss.Balance_Kp     balance.o
    0x202000a4        -       0x00000004   Zero   RW         1240    .bss.Encoder_Left   balance.o
    0x202000a8        -       0x00000004   Zero   RW         1241    .bss.Encoder_Right  balance.o
    0x202000ac        -       0x00000001   Zero   RW         1248    .bss.Flag_Left      balance.o
    0x202000ad        -       0x00000001   Zero   RW         1249    .bss.Flag_Right     balance.o
    0x202000ae        -       0x00000001   Zero   RW         1247    .bss.Flag_back      balance.o
    0x202000af        -       0x00000001   Zero   RW         1246    .bss.Flag_front     balance.o
    0x202000b0        -       0x00000002   Zero   RW         1250    .bss.Get_Vol.adcVal  balance.o
    0x202000b2        -       0x00000001   Zero   RW         1251    .bss.Get_Vol.startflag  balance.o
    0x202000b3   0x0000ae80   0x00000001   PAD
    0x202000b4        -       0x00000004   Zero   RW         1242    .bss.Motor_Left     balance.o
    0x202000b8        -       0x00000004   Zero   RW         1243    .bss.Motor_Right    balance.o
    0x202000bc        -       0x00000400   Zero   RW          907    .bss.OLED_GRAM      bsp_oled.o
    0x202004bc        -       0x00000001   Zero   RW         1268    .bss.PID_Send       bluetooth.o
    0x202004bd   0x0000ae80   0x00000003   PAD
    0x202004c0        -       0x00000004   Zero   RW         1206    .bss.Pitch          mpu6050.o
    0x202004c4        -       0x00000004   Zero   RW         1205    .bss.Roll           mpu6050.o
    0x202004c8        -       0x00000004   Zero   RW         1223    .bss.Turn1          balance.o
    0x202004cc        -       0x00000004   Zero   RW         1232    .bss.Turn_Kd        balance.o
    0x202004d0        -       0x00000100   Zero   RW          924    .bss.Ux_TxBuff      bsp_printf.o
    0x202005d0        -       0x00000004   Zero   RW         1224    .bss.Velocity1      balance.o
    0x202005d4        -       0x00000004   Zero   RW         1230    .bss.Velocity_Ki    balance.o
    0x202005d8        -       0x00000004   Zero   RW         1244    .bss.Velocity_Left  balance.o
    0x202005dc        -       0x00000004   Zero   RW         1245    .bss.Velocity_Right  balance.o
    0x202005e0        -       0x00000004   Zero   RW         1207    .bss.Yaw            mpu6050.o
    0x202005e4        -       0x00000006   Zero   RW         1203    .bss.accel          mpu6050.o
    0x202005ea   0x0000ae80   0x00000002   PAD
    0x202005ec        -       0x00000004   Zero   RW         1277    .bss.bt_control.Data  bluetooth.o
    0x202005f0        -       0x00000001   Zero   RW         1273    .bss.bt_control.Flag_PID  bluetooth.o
    0x202005f1   0x0000ae80   0x00000003   PAD
    0x202005f4        -       0x00000032   Zero   RW         1276    .bss.bt_control.Receive  bluetooth.o
    0x20200626        -       0x00000001   Zero   RW         1274    .bss.bt_control.i   bluetooth.o
    0x20200627        -       0x00000001   Zero   RW         1275    .bss.bt_control.j   bluetooth.o
    0x20200628        -       0x0000000e   Zero   RW         1201    .bss.buffer         mpu6050.o
    0x20200636   0x0000ae80   0x00000002   PAD
    0x20200638        -       0x00000004   Zero   RW         1236    .bss.controlFlag    balance.o
    0x2020063c        -       0x00000002   Zero   RW           26    .bss.data1          empty.o
    0x2020063e   0x0000ae80   0x00000002   PAD
    0x20200640        -       0x00000004   Zero   RW         1111    .bss.dmp.0          inv_mpu_dmp_motion_driver.o
    0x20200644        -       0x00000004   Zero   RW         1112    .bss.dmp.1          inv_mpu_dmp_motion_driver.o
    0x20200648        -       0x00000002   Zero   RW         1113    .bss.dmp.2          inv_mpu_dmp_motion_driver.o
    0x2020064a   0x0000ae80   0x00000002   PAD
    0x2020064c        -       0x00000002   Zero   RW         1114    .bss.dmp.3          inv_mpu_dmp_motion_driver.o
    0x2020064e   0x0000ae80   0x00000002   PAD
    0x20200650        -       0x00000002   Zero   RW         1115    .bss.dmp.4          inv_mpu_dmp_motion_driver.o
    0x20200652        -       0x00000001   Zero   RW         1116    .bss.dmp.5          inv_mpu_dmp_motion_driver.o
    0x20200653   0x0000ae80   0x00000001   PAD
    0x20200654        -       0x00000004   Zero   RW         1237    .bss.flag           balance.o
    0x20200658        -       0x000000c8   Zero   RW         1269    .bss.gBTPacket      bluetooth.o
    0x20200720        -       0x00000078   Zero   RW           80    .bss.gDebugTimerBackup  ti_msp_dl_config.o
    0x20200798        -       0x000000bc   Zero   RW           79    .bss.gPWM_0Backup   ti_msp_dl_config.o
    0x20200854        -       0x00000002   Zero   RW           12    .bss.g_EncoderACount  empty.o
    0x20200856        -       0x00000002   Zero   RW           13    .bss.g_EncoderBCount  empty.o
    0x20200858        -       0x00000001   Zero   RW         1235    .bss.getVolFlag     balance.o
    0x20200859   0x0000ae80   0x00000001   PAD
    0x2020085a        -       0x00000006   Zero   RW         1202    .bss.gyro           mpu6050.o
    0x20200860        -       0x00000001   Zero   RW          880    .bss.key_scan.check_once  bsp_key.o
    0x20200861   0x0000ae80   0x00000001   PAD
    0x20200862        -       0x00000002   Zero   RW          878    .bss.key_scan.long_press_time  bsp_key.o
    0x20200864        -       0x00000001   Zero   RW          879    .bss.key_scan.press_flag  bsp_key.o
    0x20200865   0x0000ae80   0x00000001   PAD
    0x20200866        -       0x00000002   Zero   RW          877    .bss.key_scan.time_core  bsp_key.o
    0x20200868        -       0x00000010   Zero   RW           17    .bss.mainFreqPriv   empty.o
    0x20200878        -       0x00000001   Zero   RW           18    .bss.mainTaskFreq   empty.o
    0x20200879   0x0000ae80   0x00000003   PAD
    0x2020087c        -       0x00000004   Zero   RW           20    .bss.mainTaskUseTime  empty.o
    0x20200880        -       0x00000010   Zero   RW           19    .bss.mainUseTimePriv  empty.o
    0x20200890        -       0x00000024   Zero   RW         1195    .bss.mpu6050        mpu6050.o
    0x202008b4        -       0x00000028   Zero   RW           25    .bss.openmv         empty.o
    0x202008dc        -       0x00000004   Zero   RW         1192    .bss.q1             mpu6050.o
    0x202008e0        -       0x00000004   Zero   RW         1193    .bss.q2             mpu6050.o
    0x202008e4        -       0x00000004   Zero   RW         1194    .bss.q3             mpu6050.o
    0x202008e8        -       0x00000004   Zero   RW         1234    .bss.robotVol       balance.o
    0x202008ec        -       0x00000002   Zero   RW         1204    .bss.sensors        mpu6050.o
    0x202008ee   0x0000ae80   0x00000002   PAD
    0x202008f0        -       0x00000004   Zero   RW           24    .bss.state          empty.o
    0x202008f4        -       0x00000004   Zero   RW           14    .bss.x              empty.o
    0x202008f8        -       0x00000004   Zero   RW           15    .bss.y              empty.o
    0x202008fc   0x0000ae80   0x00000004   PAD
    0x20200900        -       0x00001000   Zero   RW           35    STACK               startup_mspm0g350x_uvision.o



  Load Region LR_BCR (Base: 0x41c00000, Size: 0x00000000, Max: 0x00000100, ABSOLUTE)

    Execution Region BCR_CONFIG (Exec base: 0x41c00000, Load base: 0x41c00000, Size: 0x00000000, Max: 0x00000080, ABSOLUTE)

    **** No section assigned to this execution region ****



  Load Region LR_BSL (Base: 0x41c00100, Size: 0x00000000, Max: 0x00000100, ABSOLUTE)

    Execution Region BSL_CONFIG (Exec base: 0x41c00100, Load base: 0x41c00100, Size: 0x00000000, Max: 0x00000080, ABSOLUTE)

    **** No section assigned to this execution region ****


==============================================================================

Image component sizes


      Code (inc. data)   RO Data    RW Data    ZI Data      Debug   Object Name

       812        152          0          9         76      11936   balance.o
       876        186          0          0        261       6135   bluetooth.o
       144         16          0         12          0       4526   bsp_debugtimer.o
       716        104          0         24          0      17156   bsp_iic.o
       252         32          0          4          6       4711   bsp_key.o
      9486         96       2660         28       1024      42921   bsp_oled.o
       260         24          0          0        256       5202   bsp_printf.o
       136         12          0          0          0       2534   bsp_systick.o
        64          8          0          0          0       4608   dl_adc12.o
        10          0          0          0          0        699   dl_common.o
        68          4          0          0          0       4542   dl_dma.o
       234          4          0          0          0       9534   dl_i2c.o
       676        204          0          0          0      32083   dl_timer.o
       126         12          0          0          0      14613   dl_uart.o
       988        178          0          8         95      13806   empty.o
      7022        360        164         44          0      39178   inv_mpu.o
      2184        136       3068          0         15      12262   inv_mpu_dmp_motion_driver.o
      1376        224        175          4         88      21414   mpu6050.o
       612        112          9          0          0       1699   show.o
        20          4        192          0       4096        708   startup_mspm0g350x_uvision.o
      1436        304        167          0        308      46293   ti_msp_dl_config.o

    ----------------------------------------------------------------------
     27508       2172       6472        136       6256     296560   Object Totals
         0          0         32          0          0          0   (incl. Generated)
        10          0          5          3         31          0   (incl. Padding)

    ----------------------------------------------------------------------

      Code (inc. data)   RO Data    RW Data    ZI Data      Debug   Library Member Name

       236         24          0          0          0      18490   dl_sysctl_mspm0g1x0x_g3x0x.o
       628         54         80          0          0        104   asin.o
       540         68        152          0          0        112   atan.o
       412         40          0          0          0        144   atan2.o
        94         14          0          0          0        408   dunder.o
        44          4          0          0          0         60   fpclassify.o
       172          0          0          0          0         76   poly.o
      2516        206        136          0          0        236   pow.o
         0          0          8          0          0          0   qnan.o
       116          0          0          0          0         72   roundf.o
        72          6          0          0          0         76   sqrt.o
         0          0          0          0          0          0   entry.o
         0          0          0          0          0          0   entry10a.o
         0          0          0          0          0          0   entry11a.o
         8          4          0          0          0          0   entry2.o
         4          0          0          0          0          0   entry5.o
         0          0          0          0          0          0   entry7b.o
         0          0          0          0          0          0   entry8b.o
         8          4          0          0          0          0   entry9a.o
        12          6          0          4          0         60   errno.o
        30          0          0          0          0          0   handlers.o
        80          6          0          0          0         72   idiv_div0.o
        48         10          0          0          0         68   init.o
         0          0          0          0          0          0   iusefp.o
        76          0          0          0          0         76   ldiv.o
        48          0          0          0          0         72   llmul.o
        32          0          0          0          0         68   llshl.o
        38          0          0          0          0         68   llsshr.o
        34          0          0          0          0         68   llushr.o
        26          0          0          0          0         72   memcmp.o
        36          0          0          0          0        100   memseta.o
      2298        104          0          0          0        544   printfa.o
         0          0          0          4          0          0   stdout.o
        14          0          0          0          0         60   strlen.o
        62          0          0          0          0         72   uidiv_div0.o
        96          0          0          0          0         84   uldiv.o
        40          2          0          0          0         68   cdcmple.o
        40          2          0          0          0         68   cdrcmple.o
        56          0          0          0          0         68   d2f.o
       356          4          0          0          0        140   dadd.o
       240          6          0          0          0         84   ddiv.o
       236          0          0          0          0        216   depilogue.o
        64         10          0          0          0         68   dfixul.o
        40          6          0          0          0         68   dflti.o
       208          6          0          0          0         88   dmul.o
        44          0          0          0          0         72   dscalb.o
       162          0          0          0          0         80   dsqrt.o
        40          0          0          0          0         60   f2d.o
       178          0          0          0          0        108   fadd.o
        28          0          0          0          0         60   fcmpeq.o
        28          0          0          0          0         60   fcmpge.o
        28          0          0          0          0         60   fcmpgt.o
        28          0          0          0          0         60   fcmple.o
        28          0          0          0          0         60   fcmplt.o
       124          0          0          0          0         72   fdiv.o
       130          0          0          0          0        144   fepilogue.o
        50          0          0          0          0         60   ffixi.o
        22          0          0          0          0         68   fflti.o
        14          0          0          0          0         68   ffltui.o
       122          0          0          0          0         72   fmul.o
        62          0          0          0          0         68   frnd.o

    ----------------------------------------------------------------------
     10172        594        376          8          0      23302   Library Totals
        24          8          0          0          0          0   (incl. Padding)

    ----------------------------------------------------------------------

      Code (inc. data)   RO Data    RW Data    ZI Data      Debug   Library Name

       236         24          0          0          0      18490   driverlib.a
      4594        392        376          0          0       1288   m_ps.l
      2950        134          0          8          0       1484   mc_p.l
      2368         36          0          0          0       2040   mf_p.l

    ----------------------------------------------------------------------
     10172        594        376          8          0      23302   Library Totals

    ----------------------------------------------------------------------

==============================================================================


      Code (inc. data)   RO Data    RW Data    ZI Data      Debug   

     37680       2766       6848        144       6256     317090   Grand Totals
     37680       2766       6848        144       6256     317090   ELF Image Totals
     37680       2766       6848        144          0          0   ROM Totals

==============================================================================

    Total RO  Size (Code + RO Data)                44528 (  43.48kB)
    Total RW  Size (RW Data + ZI Data)              6400 (   6.25kB)
    Total ROM Size (Code + RO Data + RW Data)      44672 (  43.62kB)

==============================================================================

